Archive member included to satisfy reference by file (symbol)

C:/Program Files (x86)/Arm GNU Toolchain arm-none-eabi/14.2 rel1/bin/../lib/gcc/arm-none-eabi/14.2.1/thumb/v7e-m+fp/hard\libc_nano.a(libc_a-exit.o)
                              C:/Program Files (x86)/Arm GNU Toolchain arm-none-eabi/14.2 rel1/bin/../lib/gcc/arm-none-eabi/14.2.1/thumb/v7e-m+fp/hard/crt0.o (exit)
C:/Program Files (x86)/Arm GNU Toolchain arm-none-eabi/14.2 rel1/bin/../lib/gcc/arm-none-eabi/14.2.1/thumb/v7e-m+fp/hard\libc_nano.a(libc_a-findfp.o)
                              C:/Program Files (x86)/Arm GNU Toolchain arm-none-eabi/14.2 rel1/bin/../lib/gcc/arm-none-eabi/14.2.1/thumb/v7e-m+fp/hard\libc_nano.a(libc_a-exit.o) (__stdio_exit_handler)
C:/Program Files (x86)/Arm GNU Toolchain arm-none-eabi/14.2 rel1/bin/../lib/gcc/arm-none-eabi/14.2.1/thumb/v7e-m+fp/hard\libc_nano.a(libc_a-fwalk.o)
                              C:/Program Files (x86)/Arm GNU Toolchain arm-none-eabi/14.2 rel1/bin/../lib/gcc/arm-none-eabi/14.2.1/thumb/v7e-m+fp/hard\libc_nano.a(libc_a-findfp.o) (_fwalk_sglue)
C:/Program Files (x86)/Arm GNU Toolchain arm-none-eabi/14.2 rel1/bin/../lib/gcc/arm-none-eabi/14.2.1/thumb/v7e-m+fp/hard\libc_nano.a(libc_a-stdio.o)
                              C:/Program Files (x86)/Arm GNU Toolchain arm-none-eabi/14.2 rel1/bin/../lib/gcc/arm-none-eabi/14.2.1/thumb/v7e-m+fp/hard\libc_nano.a(libc_a-findfp.o) (__sread)
C:/Program Files (x86)/Arm GNU Toolchain arm-none-eabi/14.2 rel1/bin/../lib/gcc/arm-none-eabi/14.2.1/thumb/v7e-m+fp/hard\libc_nano.a(libc_a-memset.o)
                              C:/Program Files (x86)/Arm GNU Toolchain arm-none-eabi/14.2 rel1/bin/../lib/gcc/arm-none-eabi/14.2.1/thumb/v7e-m+fp/hard/crt0.o (memset)
C:/Program Files (x86)/Arm GNU Toolchain arm-none-eabi/14.2 rel1/bin/../lib/gcc/arm-none-eabi/14.2.1/thumb/v7e-m+fp/hard\libc_nano.a(libc_a-closer.o)
                              C:/Program Files (x86)/Arm GNU Toolchain arm-none-eabi/14.2 rel1/bin/../lib/gcc/arm-none-eabi/14.2.1/thumb/v7e-m+fp/hard\libc_nano.a(libc_a-stdio.o) (_close_r)
C:/Program Files (x86)/Arm GNU Toolchain arm-none-eabi/14.2 rel1/bin/../lib/gcc/arm-none-eabi/14.2.1/thumb/v7e-m+fp/hard\libc_nano.a(libc_a-reent.o)
                              C:/Program Files (x86)/Arm GNU Toolchain arm-none-eabi/14.2 rel1/bin/../lib/gcc/arm-none-eabi/14.2.1/thumb/v7e-m+fp/hard\libc_nano.a(libc_a-closer.o) (errno)
C:/Program Files (x86)/Arm GNU Toolchain arm-none-eabi/14.2 rel1/bin/../lib/gcc/arm-none-eabi/14.2.1/thumb/v7e-m+fp/hard\libc_nano.a(libc_a-impure.o)
                              C:/Program Files (x86)/Arm GNU Toolchain arm-none-eabi/14.2 rel1/bin/../lib/gcc/arm-none-eabi/14.2.1/thumb/v7e-m+fp/hard\libc_nano.a(libc_a-reent.o) (_impure_ptr)
C:/Program Files (x86)/Arm GNU Toolchain arm-none-eabi/14.2 rel1/bin/../lib/gcc/arm-none-eabi/14.2.1/thumb/v7e-m+fp/hard\libc_nano.a(libc_a-lseekr.o)
                              C:/Program Files (x86)/Arm GNU Toolchain arm-none-eabi/14.2 rel1/bin/../lib/gcc/arm-none-eabi/14.2.1/thumb/v7e-m+fp/hard\libc_nano.a(libc_a-stdio.o) (_lseek_r)
C:/Program Files (x86)/Arm GNU Toolchain arm-none-eabi/14.2 rel1/bin/../lib/gcc/arm-none-eabi/14.2.1/thumb/v7e-m+fp/hard\libc_nano.a(libc_a-readr.o)
                              C:/Program Files (x86)/Arm GNU Toolchain arm-none-eabi/14.2 rel1/bin/../lib/gcc/arm-none-eabi/14.2.1/thumb/v7e-m+fp/hard\libc_nano.a(libc_a-stdio.o) (_read_r)
C:/Program Files (x86)/Arm GNU Toolchain arm-none-eabi/14.2 rel1/bin/../lib/gcc/arm-none-eabi/14.2.1/thumb/v7e-m+fp/hard\libc_nano.a(libc_a-writer.o)
                              C:/Program Files (x86)/Arm GNU Toolchain arm-none-eabi/14.2 rel1/bin/../lib/gcc/arm-none-eabi/14.2.1/thumb/v7e-m+fp/hard\libc_nano.a(libc_a-stdio.o) (_write_r)
C:/Program Files (x86)/Arm GNU Toolchain arm-none-eabi/14.2 rel1/bin/../lib/gcc/arm-none-eabi/14.2.1/thumb/v7e-m+fp/hard\libc_nano.a(libc_a-init.o)
                              C:/Program Files (x86)/Arm GNU Toolchain arm-none-eabi/14.2 rel1/bin/../lib/gcc/arm-none-eabi/14.2.1/thumb/v7e-m+fp/hard/crt0.o (__libc_init_array)
C:/Program Files (x86)/Arm GNU Toolchain arm-none-eabi/14.2 rel1/bin/../lib/gcc/arm-none-eabi/14.2.1/thumb/v7e-m+fp/hard\libc_nano.a(libc_a-lock.o)
                              C:/Program Files (x86)/Arm GNU Toolchain arm-none-eabi/14.2 rel1/bin/../lib/gcc/arm-none-eabi/14.2.1/thumb/v7e-m+fp/hard\libc_nano.a(libc_a-findfp.o) (__retarget_lock_init_recursive)
C:/Program Files (x86)/Arm GNU Toolchain arm-none-eabi/14.2 rel1/bin/../lib/gcc/arm-none-eabi/14.2.1/thumb/v7e-m+fp/hard\libc_nano.a(libc_a-freer.o)
                              C:/Program Files (x86)/Arm GNU Toolchain arm-none-eabi/14.2 rel1/bin/../lib/gcc/arm-none-eabi/14.2.1/thumb/v7e-m+fp/hard\libc_nano.a(libc_a-reent.o) (_free_r)
C:/Program Files (x86)/Arm GNU Toolchain arm-none-eabi/14.2 rel1/bin/../lib/gcc/arm-none-eabi/14.2.1/thumb/v7e-m+fp/hard\libc_nano.a(libc_a-mallocr.o)
[...]
Memory Configuration

Name             Origin             Length             Attributes
RAM              0x20000000         0x0000c000         xrw
RAM2             0x10000000         0x00004000         xrw
FLASH            0x08000000         0x00040000         xr
*default*        0x00000000         0xffffffff

Linker script and memory map

LOAD C:/Program Files (x86)/Arm GNU Toolchain arm-none-eabi/14.2 rel1/bin/../lib/gcc/arm-none-eabi/14.2.1/thumb/v7e-m+fp/hard/crti.o
LOAD C:/Program Files (x86)/Arm GNU Toolchain arm-none-eabi/14.2 rel1/bin/../lib/gcc/arm-none-eabi/14.2.1/thumb/v7e-m+fp/hard/crtbegin.o
LOAD C:/Program Files (x86)/Arm GNU Toolchain arm-none-eabi/14.2 rel1/bin/../lib/gcc/arm-none-eabi/14.2.1/thumb/v7e-m+fp/hard/crt0.o
LOAD build/main.o
LOAD build/gpio.o
LOAD build/adc.o
LOAD build/spi.o
LOAD build/tim.o
LOAD build/usart.o
LOAD build/stm32l4xx_it.o
LOAD build/stm32l4xx_hal_msp.o
LOAD build/stm32l4xx_hal_adc.o
LOAD build/stm32l4xx_hal_adc_ex.o
LOAD build/stm32l4xx_hal.o
LOAD build/stm32l4xx_hal_rcc.o
LOAD build/stm32l4xx_hal_rcc_ex.o
LOAD build/stm32l4xx_hal_flash.o
LOAD build/stm32l4xx_hal_flash_ex.o
LOAD build/stm32l4xx_hal_flash_ramfunc.o
LOAD build/stm32l4xx_hal_gpio.o
LOAD build/stm32l4xx_hal_i2c.o
LOAD build/stm32l4xx_hal_i2c_ex.o
LOAD build/stm32l4xx_hal_dma.o
LOAD build/stm32l4xx_hal_dma_ex.o
LOAD build/stm32l4xx_hal_pwr.o
LOAD build/stm32l4xx_hal_pwr_ex.o
LOAD build/stm32l4xx_hal_cortex.o
LOAD build/stm32l4xx_hal_exti.o
LOAD build/stm32l4xx_hal_spi.o
LOAD build/stm32l4xx_hal_spi_ex.o
LOAD build/stm32l4xx_hal_tim.o
LOAD build/stm32l4xx_hal_tim_ex.o
LOAD build/stm32l4xx_hal_usart.o
LOAD build/stm32l4xx_hal_usart_ex.o
LOAD build/system_stm32l4xx.o
LOAD build/startup_stm32l432xx.o
LOAD C:/Program Files (x86)/Arm GNU Toolchain arm-none-eabi/14.2 rel1/bin/../lib/gcc/arm-none-eabi/14.2.1/thumb/v7e-m+fp/hard\libc_nano.a
LOAD C:/Program Files (x86)/Arm GNU Toolchain arm-none-eabi/14.2 rel1/bin/../lib/gcc/arm-none-eabi/14.2.1/thumb/v7e-m+fp/hard\libm.a
LOAD C:/Program Files (x86)/Arm GNU Toolchain arm-none-eabi/14.2 rel1/bin/../lib/gcc/arm-none-eabi/14.2.1/thumb/v7e-m+fp/hard\libnosys.a
START GROUP
LOAD C:/Program Files (x86)/Arm GNU Toolchain arm-none-eabi/14.2 rel1/bin/../lib/gcc/arm-none-eabi/14.2.1/thumb/v7e-m+fp/hard\libgcc.a
LOAD C:/Program Files (x86)/Arm GNU Toolchain arm-none-eabi/14.2 rel1/bin/../lib/gcc/arm-none-eabi/14.2.1/thumb/v7e-m+fp/hard\libc_nano.a
END GROUP
START GROUP
LOAD C:/Program Files (x86)/Arm GNU Toolchain arm-none-eabi/14.2 rel1/bin/../lib/gcc/arm-none-eabi/14.2.1/thumb/v7e-m+fp/hard\libgcc.a
LOAD C:/Program Files (x86)/Arm GNU Toolchain arm-none-eabi/14.2 rel1/bin/../lib/gcc/arm-none-eabi/14.2.1/thumb/v7e-m+fp/hard\libc_nano.a
END GROUP
LOAD C:/Program Files (x86)/Arm GNU Toolchain arm-none-eabi/14.2 rel1/bin/../lib/gcc/arm-none-eabi/14.2.1/thumb/v7e-m+fp/hard/crtend.o
LOAD C:/Program Files (x86)/Arm GNU Toolchain arm-none-eabi/14.2 rel1/bin/../lib/gcc/arm-none-eabi/14.2.1/thumb/v7e-m+fp/hard/crtn.o
                0x2000c000                        _estack = (ORIGIN (RAM) + LENGTH (RAM))
                0x00000200                        _Min_Heap_Size = 0x200
                0x00000400                        _Min_Stack_Size = 0x400

.isr_vector     0x08000000      0x190
                0x08000000                        . = ALIGN (0x8)
 *(.isr_vector)
 .isr_vector    0x08000000      0x18c build/startup_stm32l432xx.o
                0x08000000                g_pfnVectors
                0x08000190                        . = ALIGN (0x8)
 *fill*         0x0800018c        0x4 

.text           0x08000190     0x2908
                0x08000190                        . = ALIGN (0x8)
 *(.text)
 *(.text*)
 .text.deregister_tm_clones
                0x08000190       0x1c C:/Program Files (x86)/Arm GNU Toolchain arm-none-eabi/14.2 rel1/bin/../lib/gcc/arm-none-eabi/14.2.1/thumb/v7e-m+fp/hard/crtbegin.o
 .text.register_tm_clones
                0x080001ac       0x24 C:/Program Files (x86)/Arm GNU Toolchain arm-none-eabi/14.2 rel1/bin/../lib/gcc/arm-none-eabi/14.2.1/thumb/v7e-m+fp/hard/crtbegin.o
 .text.__do_global_dtors_aux
                0x080001d0       0x28 C:/Program Files (x86)/Arm GNU Toolchain arm-none-eabi/14.2 rel1/bin/../lib/gcc/arm-none-eabi/14.2.1/thumb/v7e-m+fp/hard/crtbegin.o
 .text.frame_dummy
                0x080001f8       0x24 C:/Program Files (x86)/Arm GNU Toolchain arm-none-eabi/14.2 rel1/bin/../lib/gcc/arm-none-eabi/14.2.1/thumb/v7e-m+fp/hard/crtbegin.o
 .text.Error_Handler
                0x0800021c        0x4 build/main.o
                0x0800021c                Error_Handler
 .text.SystemClock_Config
                0x08000220       0x66 build/main.o
                0x08000220                SystemClock_Config
 .text.main     0x08000286       0x20 build/main.o
                0x08000286                main
 *fill*         0x080002a6        0x2 
 .text.MX_GPIO_Init
                0x080002a8       0x64 build/gpio.o
                0x080002a8                MX_GPIO_Init
 .text.MX_ADC1_Init
                0x0800030c       0x84 build/adc.o
                0x0800030c                MX_ADC1_Init
 .text.HAL_ADC_MspInit
                0x08000390       0xa0 build/adc.o
                0x08000390                HAL_ADC_MspInit
 .text.MX_SPI1_Init
                0x08000430       0x4c build/spi.o
                0x08000430                MX_SPI1_Init
 .text.HAL_SPI_MspInit
                0x0800047c       0x68 build/spi.o
                0x0800047c                HAL_SPI_MspInit
 .text.HAL_TIM_Base_MspInit
                0x080004e4       0x2c build/tim.o
                0x080004e4                HAL_TIM_Base_MspInit
 .text.HAL_TIM_MspPostInit
                0x08000510       0x54 build/tim.o
                0x08000510                HAL_TIM_MspPostInit
 .text.MX_TIM1_Init
                0x08000564       0xf8 build/tim.o
                0x08000564                MX_TIM1_Init
 .text.MX_USART2_Init
                0x0800065c       0x38 build/usart.o
                0x0800065c                MX_USART2_Init
 .text.HAL_USART_MspInit
                0x08000694       0x88 build/usart.o
                0x08000694                HAL_USART_MspInit
 .text.NMI_Handler
                0x0800071c        0x2 build/stm32l4xx_it.o
                0x0800071c                NMI_Handler
 .text.HardFault_Handler
                0x0800071e        0x2 build/stm32l4xx_it.o
                0x0800071e                HardFault_Handler
 .text.MemManage_Handler
                0x08000720        0x2 build/stm32l4xx_it.o
                0x08000720                MemManage_Handler
 .text.BusFault_Handler
                0x08000722        0x2 build/stm32l4xx_it.o
                0x08000722                BusFault_Handler
 .text.UsageFault_Handler
                0x08000724        0x2 build/stm32l4xx_it.o
                0x08000724                UsageFault_Handler
 .text.SVC_Handler
                0x08000726        0x2 build/stm32l4xx_it.o
                0x08000726                SVC_Handler
 .text.DebugMon_Handler
                0x08000728        0x2 build/stm32l4xx_it.o
                0x08000728                DebugMon_Handler
 .text.PendSV_Handler
                0x0800072a        0x2 build/stm32l4xx_it.o
                0x0800072a                PendSV_Handler
 .text.SysTick_Handler
                0x0800072c        0x8 build/stm32l4xx_it.o
                0x0800072c                SysTick_Handler
 .text.HAL_MspInit
                0x08000734       0x30 build/stm32l4xx_hal_msp.o
                0x08000734                HAL_MspInit
 .text.LL_ADC_REG_SetSequencerRanks
                0x08000764       0x30 build/stm32l4xx_hal_adc.o
 .text.LL_ADC_SetChannelSamplingTime
                0x08000794       0x2c build/stm32l4xx_hal_adc.o
 .text.HAL_ADC_Init
                0x080007c0      0x1c8 build/stm32l4xx_hal_adc.o
                0x080007c0                HAL_ADC_Init
 .text.HAL_ADC_ConfigChannel
                0x08000988      0x42c build/stm32l4xx_hal_adc.o
                0x08000988                HAL_ADC_ConfigChannel
 .text.HAL_InitTick
                0x08000db4       0x50 build/stm32l4xx_hal.o
                0x08000db4                HAL_InitTick
 .text.HAL_Init
                0x08000e04       0x1e build/stm32l4xx_hal.o
                0x08000e04                HAL_Init
 *fill*         0x08000e22        0x2 
 .text.HAL_IncTick
                0x08000e24       0x18 build/stm32l4xx_hal.o
                0x08000e24                HAL_IncTick
 .text.HAL_GetTick
                0x08000e3c        0xc build/stm32l4xx_hal.o
                0x08000e3c                HAL_GetTick
 .text.RCC_SetFlashLatencyFromMSIRange
                0x08000e48       0x90 build/stm32l4xx_hal_rcc.o
 .text.HAL_RCC_GetSysClockFreq
                0x08000ed8       0xa8 build/stm32l4xx_hal_rcc.o
                0x08000ed8                HAL_RCC_GetSysClockFreq
 .text.HAL_RCC_OscConfig
                0x08000f80      0x66c build/stm32l4xx_hal_rcc.o
                0x08000f80                HAL_RCC_OscConfig
 .text.HAL_RCC_ClockConfig
                0x080015ec      0x188 build/stm32l4xx_hal_rcc.o
                0x080015ec                HAL_RCC_ClockConfig
 .text.HAL_RCC_GetHCLKFreq
                0x08001774        0xc build/stm32l4xx_hal_rcc.o
                0x08001774                HAL_RCC_GetHCLKFreq
 .text.HAL_RCC_GetPCLK1Freq
                0x08001780       0x24 build/stm32l4xx_hal_rcc.o
                0x08001780                HAL_RCC_GetPCLK1Freq
 .text.HAL_RCC_GetPCLK2Freq
                0x080017a4       0x24 build/stm32l4xx_hal_rcc.o
                0x080017a4                HAL_RCC_GetPCLK2Freq
 .text.RCCEx_PLLSAI1_Config
                0x080017c8      0x170 build/stm32l4xx_hal_rcc_ex.o
 .text.HAL_RCCEx_PeriphCLKConfig
                0x08001938      0x2e8 build/stm32l4xx_hal_rcc_ex.o
                0x08001938                HAL_RCCEx_PeriphCLKConfig
 .text.HAL_GPIO_Init
                0x08001c20      0x1b0 build/stm32l4xx_hal_gpio.o
                0x08001c20                HAL_GPIO_Init
 .text.HAL_GPIO_WritePin
                0x08001dd0        0xa build/stm32l4xx_hal_gpio.o
                0x08001dd0                HAL_GPIO_WritePin
 *fill*         0x08001dda        0x2 
 .text.HAL_PWREx_GetVoltageRange
                0x08001ddc       0x10 build/stm32l4xx_hal_pwr_ex.o
                0x08001ddc                HAL_PWREx_GetVoltageRange
 .text.HAL_PWREx_ControlVoltageScaling
                0x08001dec       0x90 build/stm32l4xx_hal_pwr_ex.o
                0x08001dec                HAL_PWREx_ControlVoltageScaling
 .text.__NVIC_SetPriority
                0x08001e7c       0x28 build/stm32l4xx_hal_cortex.o
 .text.NVIC_EncodePriority
                0x08001ea4       0x3e build/stm32l4xx_hal_cortex.o
 *fill*         0x08001ee2        0x2 
 .text.HAL_NVIC_SetPriorityGrouping
                0x08001ee4       0x24 build/stm32l4xx_hal_cortex.o
                0x08001ee4                HAL_NVIC_SetPriorityGrouping
 .text.HAL_NVIC_SetPriority
                0x08001f08       0x20 build/stm32l4xx_hal_cortex.o
                0x08001f08                HAL_NVIC_SetPriority
 .text.HAL_SYSTICK_Config
                0x08001f28       0x28 build/stm32l4xx_hal_cortex.o
                0x08001f28                HAL_SYSTICK_Config
 .text.HAL_SPI_Init
                0x08001f50       0xde build/stm32l4xx_hal_spi.o
                0x08001f50                HAL_SPI_Init
 *fill*         0x0800202e        0x2 
 .text.TIM_OC1_SetConfig
                0x08002030       0x7c build/stm32l4xx_hal_tim.o
 .text.TIM_OC3_SetConfig
                0x080020ac       0x70 build/stm32l4xx_hal_tim.o
 .text.TIM_OC4_SetConfig
                0x0800211c       0x5c build/stm32l4xx_hal_tim.o
 .text.TIM_OC5_SetConfig
                0x08002178       0x58 build/stm32l4xx_hal_tim.o
 .text.TIM_OC6_SetConfig
                0x080021d0       0x5c build/stm32l4xx_hal_tim.o
 .text.TIM_TI1_ConfigInputStage
                0x0800222c       0x26 build/stm32l4xx_hal_tim.o
 .text.TIM_TI2_ConfigInputStage
                0x08002252       0x28 build/stm32l4xx_hal_tim.o
 .text.TIM_ITRx_SetConfig
                0x0800227a       0x10 build/stm32l4xx_hal_tim.o
 .text.HAL_TIM_PWM_MspInit
                0x0800228a        0x2 build/stm32l4xx_hal_tim.o
                0x0800228a                HAL_TIM_PWM_MspInit
 .text.TIM_Base_SetConfig
                0x0800228c       0x80 build/stm32l4xx_hal_tim.o
                0x0800228c                TIM_Base_SetConfig
 .text.HAL_TIM_Base_Init
                0x0800230c       0x60 build/stm32l4xx_hal_tim.o
                0x0800230c                HAL_TIM_Base_Init
 .text.HAL_TIM_PWM_Init
                0x0800236c       0x60 build/stm32l4xx_hal_tim.o
                0x0800236c                HAL_TIM_PWM_Init
 .text.TIM_OC2_SetConfig
                0x080023cc       0x74 build/stm32l4xx_hal_tim.o
                0x080023cc                TIM_OC2_SetConfig
 .text.HAL_TIM_PWM_ConfigChannel
                0x08002440      0x13a build/stm32l4xx_hal_tim.o
                0x08002440                HAL_TIM_PWM_ConfigChannel
 .text.TIM_ETR_SetConfig
                0x0800257a       0x1a build/stm32l4xx_hal_tim.o
                0x0800257a                TIM_ETR_SetConfig
 .text.HAL_TIM_ConfigClockSource
                0x08002594      0x100 build/stm32l4xx_hal_tim.o
                0x08002594                HAL_TIM_ConfigClockSource
 .text.HAL_TIMEx_MasterConfigSynchronization
                0x08002694       0x70 build/stm32l4xx_hal_tim_ex.o
                0x08002694                HAL_TIMEx_MasterConfigSynchronization
 .text.HAL_TIMEx_ConfigBreakDeadTime
                0x08002704       0x88 build/stm32l4xx_hal_tim_ex.o
                0x08002704                HAL_TIMEx_ConfigBreakDeadTime
 .text.USART_SetConfig
                0x0800278c      0x11c build/stm32l4xx_hal_usart.o
 .text.USART_WaitOnFlagUntilTimeout
                0x080028a8       0x50 build/stm32l4xx_hal_usart.o
 .text.USART_CheckIdleState
                0x080028f8       0x6c build/stm32l4xx_hal_usart.o
 .text.HAL_USART_Init
                0x08002964       0x5a build/stm32l4xx_hal_usart.o
                0x08002964                HAL_USART_Init
 *fill*         0x080029be        0x2 
 .text.SystemInit
                0x080029c0       0x14 build/system_stm32l4xx.o
                0x080029c0                SystemInit
 .text.Reset_Handler
                0x080029d4       0x50 build/startup_stm32l432xx.o
                0x080029d4                Reset_Handler
 .text.Default_Handler
                0x08002a24        0x2 build/startup_stm32l432xx.o
                0x08002a24                RTC_Alarm_IRQHandler
                0x08002a24                EXTI2_IRQHandler
                0x08002a24                TIM1_CC_IRQHandler
                0x08002a24                TSC_IRQHandler
                0x08002a24                TAMP_STAMP_IRQHandler
                0x08002a24                EXTI3_IRQHandler
                0x08002a24                LPTIM2_IRQHandler
                0x08002a24                I2C3_ER_IRQHandler
                0x08002a24                EXTI0_IRQHandler
                0x08002a24                CAN1_RX0_IRQHandler
                0x08002a24                FPU_IRQHandler
                0x08002a24                TIM1_UP_TIM16_IRQHandler
                0x08002a24                SPI1_IRQHandler
                0x08002a24                TIM6_DAC_IRQHandler
                0x08002a24                DMA2_Channel2_IRQHandler
                0x08002a24                DMA1_Channel4_IRQHandler
                0x08002a24                ADC1_IRQHandler
                0x08002a24                DMA1_Channel7_IRQHandler
                0x08002a24                CAN1_RX1_IRQHandler
                0x08002a24                DMA2_Channel1_IRQHandler
                0x08002a24                QUADSPI_IRQHandler
                0x08002a24                I2C1_EV_IRQHandler
                0x08002a24                DMA1_Channel6_IRQHandler
                0x08002a24                DMA2_Channel4_IRQHandler
                0x08002a24                RCC_IRQHandler
                0x08002a24                TIM1_TRG_COM_IRQHandler
                0x08002a24                DMA1_Channel1_IRQHandler
                0x08002a24                Default_Handler
                0x08002a24                DMA2_Channel7_IRQHandler
                0x08002a24                EXTI15_10_IRQHandler
                0x08002a24                TIM7_IRQHandler
                0x08002a24                I2C3_EV_IRQHandler
                0x08002a24                USB_IRQHandler
                0x08002a24                EXTI9_5_IRQHandler
                0x08002a24                RTC_WKUP_IRQHandler
                0x08002a24                PVD_PVM_IRQHandler
                0x08002a24                CAN1_TX_IRQHandler
                0x08002a24                DMA2_Channel5_IRQHandler
                0x08002a24                CRS_IRQHandler
                0x08002a24                DMA1_Channel5_IRQHandler
                0x08002a24                EXTI4_IRQHandler
                0x08002a24                RNG_IRQHandler
                0x08002a24                DMA1_Channel3_IRQHandler
                0x08002a24                COMP_IRQHandler
                0x08002a24                WWDG_IRQHandler
                0x08002a24                LPUART1_IRQHandler
                0x08002a24                DMA2_Channel6_IRQHandler
                0x08002a24                TIM2_IRQHandler
                0x08002a24                EXTI1_IRQHandler
                0x08002a24                USART2_IRQHandler
                0x08002a24                DMA1_Channel2_IRQHandler
                0x08002a24                CAN1_SCE_IRQHandler
                0x08002a24                FLASH_IRQHandler
                0x08002a24                USART1_IRQHandler
                0x08002a24                SPI3_IRQHandler
                0x08002a24                I2C1_ER_IRQHandler
                0x08002a24                SWPMI1_IRQHandler
                0x08002a24                LPTIM1_IRQHandler
                0x08002a24                SAI1_IRQHandler
                0x08002a24                DMA2_Channel3_IRQHandler
                0x08002a24                TIM1_BRK_TIM15_IRQHandler
 .text.memset   0x08002a26       0x10 C:/Program Files (x86)/Arm GNU Toolchain arm-none-eabi/14.2 rel1/bin/../lib/gcc/arm-none-eabi/14.2.1/thumb/v7e-m+fp/hard\libc_nano.a(libc_a-memset.o)
                0x08002a26                memset
 *fill*         0x08002a36        0x2 
 .text.__libc_init_array
                0x08002a38       0x48 C:/Program Files (x86)/Arm GNU Toolchain arm-none-eabi/14.2 rel1/bin/../lib/gcc/arm-none-eabi/14.2.1/thumb/v7e-m+fp/hard\libc_nano.a(libc_a-init.o)
                0x08002a38                __libc_init_array
 *(.glue_7)
 .glue_7        0x08002a80        0x0 linker stubs
 *(.glue_7t)
 .glue_7t       0x08002a80        0x0 linker stubs
 *(.eh_frame)
 .eh_frame      0x08002a80        0x0 C:/Program Files (x86)/Arm GNU Toolchain arm-none-eabi/14.2 rel1/bin/../lib/gcc/arm-none-eabi/14.2.1/thumb/v7e-m+fp/hard/crtbegin.o
 *(.init)
 .init          0x08002a80        0x4 C:/Program Files (x86)/Arm GNU Toolchain arm-none-eabi/14.2 rel1/bin/../lib/gcc/arm-none-eabi/14.2.1/thumb/v7e-m+fp/hard/crti.o
                0x08002a80                _init
 .init          0x08002a84        0x8 C:/Program Files (x86)/Arm GNU Toolchain arm-none-eabi/14.2 rel1/bin/../lib/gcc/arm-none-eabi/14.2.1/thumb/v7e-m+fp/hard/crtn.o
 *(.fini)
 .fini          0x08002a8c        0x4 C:/Program Files (x86)/Arm GNU Toolchain arm-none-eabi/14.2 rel1/bin/../lib/gcc/arm-none-eabi/14.2.1/thumb/v7e-m+fp/hard/crti.o
                0x08002a8c                _fini
 .fini          0x08002a90        0x8 C:/Program Files (x86)/Arm GNU Toolchain arm-none-eabi/14.2 rel1/bin/../lib/gcc/arm-none-eabi/14.2.1/thumb/v7e-m+fp/hard/crtn.o
                0x08002a98                        . = ALIGN (0x8)
                0x08002a98                        _etext = .

.vfp11_veneer   0x08002a98        0x0
 .vfp11_veneer  0x08002a98        0x0 linker stubs

.v4_bx          0x08002a98        0x0
 .v4_bx         0x08002a98        0x0 linker stubs

.iplt           0x08002a98        0x0
 .iplt          0x08002a98        0x0 C:/Program Files (x86)/Arm GNU Toolchain arm-none-eabi/14.2 rel1/bin/../lib/gcc/arm-none-eabi/14.2.1/thumb/v7e-m+fp/hard/crtbegin.o

.rodata         0x08002a98       0x48
                0x08002a98                        . = ALIGN (0x8)
 *(.rodata)
 *(.rodata*)
 .rodata.MSIRangeTable
                0x08002a98       0x30 build/system_stm32l4xx.o
                0x08002a98                MSIRangeTable
 .rodata.APBPrescTable
                0x08002ac8        0x8 build/system_stm32l4xx.o
                0x08002ac8                APBPrescTable
 .rodata.AHBPrescTable
                0x08002ad0       0x10 build/system_stm32l4xx.o
                0x08002ad0                AHBPrescTable
                0x08002ae0                        . = ALIGN (0x8)

.ARM.extab      0x08002ae0        0x0
                0x08002ae0                        . = ALIGN (0x8)
 *(.ARM.extab* .gnu.linkonce.armextab.*)
                0x08002ae0                        . = ALIGN (0x8)

.ARM            0x08002ae0        0x0
                0x08002ae0                        . = ALIGN (0x8)
                0x08002ae0                        __exidx_start = .
 *(.ARM.exidx*)
                0x08002ae0                        __exidx_end = .
                0x08002ae0                        . = ALIGN (0x8)

.preinit_array  0x08002ae0        0x0
                0x08002ae0                        . = ALIGN (0x8)
                0x08002ae0                        PROVIDE (__preinit_array_start = .)
 *(.preinit_array*)
                0x08002ae0                        PROVIDE (__preinit_array_end = .)
                0x08002ae0                        . = ALIGN (0x8)

.init_array     0x08002ae0        0x8
                0x08002ae0                        . = ALIGN (0x8)
                0x08002ae0                        PROVIDE (__init_array_start = .)
 *(SORT_BY_NAME(.init_array.*))
 *(.init_array*)
 .init_array    0x08002ae0        0x4 C:/Program Files (x86)/Arm GNU Toolchain arm-none-eabi/14.2 rel1/bin/../lib/gcc/arm-none-eabi/14.2.1/thumb/v7e-m+fp/hard/crtbegin.o
                0x08002ae4                        PROVIDE (__init_array_end = .)
                0x08002ae8                        . = ALIGN (0x8)
 *fill*         0x08002ae4        0x4 

.fini_array     0x08002ae8        0x8
                0x08002ae8                        . = ALIGN (0x8)
                [!provide]                        PROVIDE (__fini_array_start = .)
 *(SORT_BY_NAME(.fini_array.*))
 *(.fini_array*)
 .fini_array    0x08002ae8        0x4 C:/Program Files (x86)/Arm GNU Toolchain arm-none-eabi/14.2 rel1/bin/../lib/gcc/arm-none-eabi/14.2.1/thumb/v7e-m+fp/hard/crtbegin.o
                [!provide]                        PROVIDE (__fini_array_end = .)
                0x08002af0                        . = ALIGN (0x8)
 *fill*         0x08002aec        0x4 
                0x08002af0                        _sidata = LOADADDR (.data)

.rel.dyn        0x08002af0        0x0
 .rel.iplt      0x08002af0        0x0 C:/Program Files (x86)/Arm GNU Toolchain arm-none-eabi/14.2 rel1/bin/../lib/gcc/arm-none-eabi/14.2.1/thumb/v7e-m+fp/hard/crtbegin.o

.data           0x20000000       0x10 load address 0x08002af0
                0x20000000                        . = ALIGN (0x8)
                0x20000000                        _sdata = .
 *(.data)
 *(.data*)
 .data.uwTickFreq
                0x20000000        0x1 build/stm32l4xx_hal.o
                0x20000000                uwTickFreq
 *fill*         0x20000001        0x3 
 .data.uwTickPrio
                0x20000004        0x4 build/stm32l4xx_hal.o
                0x20000004                uwTickPrio
 .data.SystemCoreClock
                0x20000008        0x4 build/system_stm32l4xx.o
                0x20000008                SystemCoreClock
 *(.RamFunc)
 *(.RamFunc*)
                0x20000010                        . = ALIGN (0x8)
 *fill*         0x2000000c        0x4 
                0x20000010                        _edata = .

.tm_clone_table
                0x20000010        0x0 load address 0x08002b00
 .tm_clone_table
                0x20000010        0x0 C:/Program Files (x86)/Arm GNU Toolchain arm-none-eabi/14.2 rel1/bin/../lib/gcc/arm-none-eabi/14.2.1/thumb/v7e-m+fp/hard/crtbegin.o
 .tm_clone_table
                0x20000010        0x0 C:/Program Files (x86)/Arm GNU Toolchain arm-none-eabi/14.2 rel1/bin/../lib/gcc/arm-none-eabi/14.2.1/thumb/v7e-m+fp/hard/crtend.o

.igot.plt       0x20000010        0x0 load address 0x08002b00
 .igot.plt      0x20000010        0x0 C:/Program Files (x86)/Arm GNU Toolchain arm-none-eabi/14.2 rel1/bin/../lib/gcc/arm-none-eabi/14.2.1/thumb/v7e-m+fp/hard/crtbegin.o
                0x20000010                        . = ALIGN (0x4)

.bss            0x20000010      0x184 load address 0x08002b00
                0x20000010                        _sbss = .
                0x20000010                        __bss_start__ = _sbss
 *(.bss)
 *(.bss*)
 .bss.completed.1
                0x20000010        0x1 C:/Program Files (x86)/Arm GNU Toolchain arm-none-eabi/14.2 rel1/bin/../lib/gcc/arm-none-eabi/14.2.1/thumb/v7e-m+fp/hard/crtbegin.o
 *fill*         0x20000011        0x3 
 .bss.object.0  0x20000014       0x18 C:/Program Files (x86)/Arm GNU Toolchain arm-none-eabi/14.2 rel1/bin/../lib/gcc/arm-none-eabi/14.2.1/thumb/v7e-m+fp/hard/crtbegin.o
 .bss.hadc1     0x2000002c       0x64 build/adc.o
                0x2000002c                hadc1
 .bss.hspi1     0x20000090       0x64 build/spi.o
                0x20000090                hspi1
 .bss.htim1     0x200000f4       0x4c build/tim.o
                0x200000f4                htim1
 .bss.husart2   0x20000140       0x50 build/usart.o
                0x20000140                husart2
 .bss.uwTick    0x20000190        0x4 build/stm32l4xx_hal.o
                0x20000190                uwTick
 *(COMMON)
                0x20000194                        . = ALIGN (0x4)
                0x20000194                        _ebss = .
                0x20000194                        __bss_end__ = _ebss

._user_heap_stack
                0x20000194      0x604 load address 0x08002b00
                0x20000198                        . = ALIGN (0x8)
 *fill*         0x20000194        0x4 
                0x20000198                        PROVIDE (end = .)
                [!provide]                        PROVIDE (_end = .)
                0x20000398                        . = (. + _Min_Heap_Size)
 *fill*         0x20000198      0x200 
                0x20000798                        . = (. + _Min_Stack_Size)
 *fill*         0x20000398      0x400 
                0x20000798                        . = ALIGN (0x8)

/DISCARD/
 libc.a(*)
 libm.a(*)
 libgcc.a(*)
OUTPUT(build/AS5048a.elf elf32-littlearm)
LOAD linker stubs
LOAD C:/Program Files (x86)/Arm GNU Toolchain arm-none-eabi/14.2 rel1/bin/../lib/gcc/arm-none-eabi/14.2.1/thumb/v7e-m+fp/hard\libc.a
LOAD C:/Program Files (x86)/Arm GNU Toolchain arm-none-eabi/14.2 rel1/bin/../lib/gcc/arm-none-eabi/14.2.1/thumb/v7e-m+fp/hard\libm.a
LOAD C:/Program Files (x86)/Arm GNU Toolchain arm-none-eabi/14.2 rel1/bin/../lib/gcc/arm-none-eabi/14.2.1/thumb/v7e-m+fp/hard\libgcc.a

.ARM.attributes
                0x00000000       0x30
 .ARM.attributes
                0x00000000       0x22 C:/Program Files (x86)/Arm GNU Toolchain arm-none-eabi/14.2 rel1/bin/../lib/gcc/arm-none-eabi/14.2.1/thumb/v7e-m+fp/hard/crti.o
 .ARM.attributes
                0x00000022       0x34 C:/Program Files (x86)/Arm GNU Toolchain arm-none-eabi/14.2 rel1/bin/../lib/gcc/arm-none-eabi/14.2.1/thumb/v7e-m+fp/hard/crtbegin.o
 .ARM.attributes
                0x00000056       0x34 build/main.o
 .ARM.attributes
                0x0000008a       0x34 build/gpio.o
 .ARM.attributes
                0x000000be       0x34 build/adc.o
 .ARM.attributes
                0x000000f2       0x34 build/spi.o
 .ARM.attributes
                0x00000126       0x34 build/tim.o
 .ARM.attributes
                0x0000015a       0x34 build/usart.o
 .ARM.attributes
                0x0000018e       0x34 build/stm32l4xx_it.o
 .ARM.attributes
                0x000001c2       0x34 build/stm32l4xx_hal_msp.o
 .ARM.attributes
                0x000001f6       0x34 build/stm32l4xx_hal_adc.o
 .ARM.attributes
                0x0000022a       0x34 build/stm32l4xx_hal.o
 .ARM.attributes
                0x0000025e       0x34 build/stm32l4xx_hal_rcc.o
 .ARM.attributes
                0x00000292       0x34 build/stm32l4xx_hal_rcc_ex.o
 .ARM.attributes
                0x000002c6       0x34 build/stm32l4xx_hal_gpio.o
 .ARM.attributes
                0x000002fa       0x34 build/stm32l4xx_hal_pwr_ex.o
 .ARM.attributes
                0x0000032e       0x34 build/stm32l4xx_hal_cortex.o
 .ARM.attributes
                0x00000362       0x34 build/stm32l4xx_hal_spi.o
 .ARM.attributes
                0x00000396       0x34 build/stm32l4xx_hal_tim.o
 .ARM.attributes
                0x000003ca       0x34 build/stm32l4xx_hal_tim_ex.o
 .ARM.attributes
                0x000003fe       0x34 build/stm32l4xx_hal_usart.o
 .ARM.attributes
                0x00000432       0x34 build/system_stm32l4xx.o
 .ARM.attributes
                0x00000466       0x21 build/startup_stm32l432xx.o
 .ARM.attributes
                0x00000487       0x34 C:/Program Files (x86)/Arm GNU Toolchain arm-none-eabi/14.2 rel1/bin/../lib/gcc/arm-none-eabi/14.2.1/thumb/v7e-m+fp/hard\libc_nano.a(libc_a-memset.o)
 .ARM.attributes
                0x000004bb       0x34 C:/Program Files (x86)/Arm GNU Toolchain arm-none-eabi/14.2 rel1/bin/../lib/gcc/arm-none-eabi/14.2.1/thumb/v7e-m+fp/hard\libc_nano.a(libc_a-init.o)
 .ARM.attributes
                0x000004ef       0x34 C:/Program Files (x86)/Arm GNU Toolchain arm-none-eabi/14.2 rel1/bin/../lib/gcc/arm-none-eabi/14.2.1/thumb/v7e-m+fp/hard/crtend.o
 .ARM.attributes
                0x00000523       0x22 C:/Program Files (x86)/Arm GNU Toolchain arm-none-eabi/14.2 rel1/bin/../lib/gcc/arm-none-eabi/14.2.1/thumb/v7e-m+fp/hard/crtn.o

.comment        0x00000000       0x45
 .comment       0x00000000       0x45 build/main.o
                                 0x46 (size before relaxing)
 .comment       0x00000045       0x46 build/gpio.o
 .comment       0x00000045       0x46 build/adc.o
 .comment       0x00000045       0x46 build/spi.o
 .comment       0x00000045       0x46 build/tim.o
 .comment       0x00000045       0x46 build/usart.o
 .comment       0x00000045       0x46 build/stm32l4xx_it.o
 .comment       0x00000045       0x46 build/stm32l4xx_hal_msp.o
 .comment       0x00000045       0x46 build/stm32l4xx_hal_adc.o
 .comment       0x00000045       0x46 build/stm32l4xx_hal.o
 .comment       0x00000045       0x46 build/stm32l4xx_hal_rcc.o
 .comment       0x00000045       0x46 build/stm32l4xx_hal_rcc_ex.o
 .comment       0x00000045       0x46 build/stm32l4xx_hal_gpio.o
 .comment       0x00000045       0x46 build/stm32l4xx_hal_pwr_ex.o
 .comment       0x00000045       0x46 build/stm32l4xx_hal_cortex.o
 .comment       0x00000045       0x46 build/stm32l4xx_hal_spi.o
 .comment       0x00000045       0x46 build/stm32l4xx_hal_tim.o
 .comment       0x00000045       0x46 build/stm32l4xx_hal_tim_ex.o
 .comment       0x00000045       0x46 build/stm32l4xx_hal_usart.o
 .comment       0x00000045       0x46 build/system_stm32l4xx.o

.debug_info     0x00000000    0x17a7a
 .debug_info    0x00000000      0x463 build/main.o
 .debug_info    0x00000463      0x56c build/gpio.o
 .debug_info    0x000009cf     0x101c build/adc.o
 .debug_info    0x000019eb      0xbaf build/spi.o
 .debug_info    0x0000259a     0x1095 build/tim.o
 .debug_info    0x0000362f      0xde2 build/usart.o
 .debug_info    0x00004411      0x158 build/stm32l4xx_it.o
 .debug_info    0x00004569      0x370 build/stm32l4xx_hal_msp.o
 .debug_info    0x000048d9     0x3281 build/stm32l4xx_hal_adc.o
 .debug_info    0x00007b5a      0xb86 build/stm32l4xx_hal.o
 .debug_info    0x000086e0     0x1072 build/stm32l4xx_hal_rcc.o
 .debug_info    0x00009752     0x13aa build/stm32l4xx_hal_rcc_ex.o
 .debug_info    0x0000aafc      0x91c build/stm32l4xx_hal_gpio.o
 .debug_info    0x0000b418      0xb1f build/stm32l4xx_hal_pwr_ex.o
 .debug_info    0x0000bf37     0x1151 build/stm32l4xx_hal_cortex.o
 .debug_info    0x0000d088     0x223e build/stm32l4xx_hal_spi.o
 .debug_info    0x0000f2c6     0x426f build/stm32l4xx_hal_tim.o
 .debug_info    0x00013535     0x1fce build/stm32l4xx_hal_tim_ex.o
 .debug_info    0x00015503     0x1ec5 build/stm32l4xx_hal_usart.o
 .debug_info    0x000173c8      0x682 build/system_stm32l4xx.o
 .debug_info    0x00017a4a       0x30 build/startup_stm32l432xx.o

.debug_abbrev   0x00000000     0x2beb
 .debug_abbrev  0x00000000      0x19b build/main.o
 .debug_abbrev  0x0000019b      0x160 build/gpio.o
 .debug_abbrev  0x000002fb      0x207 build/adc.o
 .debug_abbrev  0x00000502      0x20f build/spi.o
 .debug_abbrev  0x00000711      0x250 build/tim.o
 .debug_abbrev  0x00000961      0x207 build/usart.o
 .debug_abbrev  0x00000b68       0x80 build/stm32l4xx_it.o
 .debug_abbrev  0x00000be8       0xc1 build/stm32l4xx_hal_msp.o
 .debug_abbrev  0x00000ca9      0x34a build/stm32l4xx_hal_adc.o
 .debug_abbrev  0x00000ff3      0x257 build/stm32l4xx_hal.o
 .debug_abbrev  0x0000124a      0x2de build/stm32l4xx_hal_rcc.o
 .debug_abbrev  0x00001528      0x2c2 build/stm32l4xx_hal_rcc_ex.o
 .debug_abbrev  0x000017ea      0x222 build/stm32l4xx_hal_gpio.o
 .debug_abbrev  0x00001a0c      0x233 build/stm32l4xx_hal_pwr_ex.o
 .debug_abbrev  0x00001c3f      0x3ca build/stm32l4xx_hal_cortex.o
 .debug_abbrev  0x00002009      0x2a4 build/stm32l4xx_hal_spi.o
 .debug_abbrev  0x000022ad      0x2bd build/stm32l4xx_hal_tim.o
 .debug_abbrev  0x0000256a      0x2b7 build/stm32l4xx_hal_tim_ex.o
 .debug_abbrev  0x00002821      0x292 build/stm32l4xx_hal_usart.o
 .debug_abbrev  0x00002ab3      0x11b build/system_stm32l4xx.o
 .debug_abbrev  0x00002bce       0x1d build/startup_stm32l432xx.o

.debug_loc      0x00000000    0x145ea
 .debug_loc     0x00000000       0x66 build/main.o
 .debug_loc     0x00000066       0x38 build/gpio.o
 .debug_loc     0x0000009e      0x11a build/adc.o
 .debug_loc     0x000001b8      0x120 build/spi.o
 .debug_loc     0x000002d8      0x104 build/tim.o
 .debug_loc     0x000003dc       0xf6 build/usart.o
 .debug_loc     0x000004d2       0x20 build/stm32l4xx_it.o
 .debug_loc     0x000004f2       0x2c build/stm32l4xx_hal_msp.o
 .debug_loc     0x0000051e     0x28ee build/stm32l4xx_hal_adc.o
 .debug_loc     0x00002e0c      0x28b build/stm32l4xx_hal.o
 .debug_loc     0x00003097      0x9e2 build/stm32l4xx_hal_rcc.o
 .debug_loc     0x00003a79     0x1a4f build/stm32l4xx_hal_rcc_ex.o
 .debug_loc     0x000054c8      0x439 build/stm32l4xx_hal_gpio.o
 .debug_loc     0x00005901      0x7c9 build/stm32l4xx_hal_pwr_ex.o
 .debug_loc     0x000060ca      0x8ff build/stm32l4xx_hal_cortex.o
 .debug_loc     0x000069c9     0x28b4 build/stm32l4xx_hal_spi.o
 .debug_loc     0x0000927d     0x6628 build/stm32l4xx_hal_tim.o
 .debug_loc     0x0000f8a5     0x29fb build/stm32l4xx_hal_tim_ex.o
 .debug_loc     0x000122a0     0x2230 build/stm32l4xx_hal_usart.o
 .debug_loc     0x000144d0      0x11a build/system_stm32l4xx.o

.debug_aranges  0x00000000     0x10a8
 .debug_aranges
                0x00000000       0x30 build/main.o
 .debug_aranges
                0x00000030       0x20 build/gpio.o
 .debug_aranges
                0x00000050       0x30 build/adc.o
 .debug_aranges
                0x00000080       0x30 build/spi.o
 .debug_aranges
                0x000000b0       0x38 build/tim.o
 .debug_aranges
                0x000000e8       0x30 build/usart.o
 .debug_aranges
                0x00000118       0x60 build/stm32l4xx_it.o
 .debug_aranges
                0x00000178       0x20 build/stm32l4xx_hal_msp.o
 .debug_aranges
                0x00000198      0x110 build/stm32l4xx_hal_adc.o
 .debug_aranges
                0x000002a8      0x108 build/stm32l4xx_hal.o
 .debug_aranges
                0x000003b0       0x90 build/stm32l4xx_hal_rcc.o
 .debug_aranges
                0x00000440       0xf0 build/stm32l4xx_hal_rcc_ex.o
 .debug_aranges
                0x00000530       0x58 build/stm32l4xx_hal_gpio.o
 .debug_aranges
                0x00000588      0x128 build/stm32l4xx_hal_pwr_ex.o
 .debug_aranges
                0x000006b0       0xf0 build/stm32l4xx_hal_cortex.o
 .debug_aranges
                0x000007a0      0x1d8 build/stm32l4xx_hal_spi.o
 .debug_aranges
                0x00000978      0x3e0 build/stm32l4xx_hal_tim.o
 .debug_aranges
                0x00000d58      0x180 build/stm32l4xx_hal_tim_ex.o
 .debug_aranges
                0x00000ed8      0x180 build/stm32l4xx_hal_usart.o
 .debug_aranges
                0x00001058       0x28 build/system_stm32l4xx.o
 .debug_aranges
                0x00001080       0x28 build/startup_stm32l432xx.o

.debug_ranges   0x00000000     0x1230
 .debug_ranges  0x00000000       0x20 build/main.o
 .debug_ranges  0x00000020       0x10 build/gpio.o
 .debug_ranges  0x00000030       0x20 build/adc.o
 .debug_ranges  0x00000050       0x20 build/spi.o
 .debug_ranges  0x00000070       0x28 build/tim.o
 .debug_ranges  0x00000098       0x20 build/usart.o
 .debug_ranges  0x000000b8       0x50 build/stm32l4xx_it.o
 .debug_ranges  0x00000108       0x10 build/stm32l4xx_hal_msp.o
 .debug_ranges  0x00000118      0x3a0 build/stm32l4xx_hal_adc.o
 .debug_ranges  0x000004b8       0xf8 build/stm32l4xx_hal.o
 .debug_ranges  0x000005b0       0x98 build/stm32l4xx_hal_rcc.o
 .debug_ranges  0x00000648       0xf8 build/stm32l4xx_hal_rcc_ex.o
 .debug_ranges  0x00000740       0x48 build/stm32l4xx_hal_gpio.o
 .debug_ranges  0x00000788      0x118 build/stm32l4xx_hal_pwr_ex.o
 .debug_ranges  0x000008a0       0xe0 build/stm32l4xx_hal_cortex.o
 .debug_ranges  0x00000980      0x1c8 build/stm32l4xx_hal_spi.o
 .debug_ranges  0x00000b48      0x3d0 build/stm32l4xx_hal_tim.o
 .debug_ranges  0x00000f18      0x170 build/stm32l4xx_hal_tim_ex.o
 .debug_ranges  0x00001088      0x170 build/stm32l4xx_hal_usart.o
 .debug_ranges  0x000011f8       0x18 build/system_stm32l4xx.o
 .debug_ranges  0x00001210       0x20 build/startup_stm32l432xx.o

.debug_line     0x00000000    0x1260e
 .debug_line    0x00000000      0x2ea build/main.o
 .debug_line    0x000002ea      0x1cc build/gpio.o
 .debug_line    0x000004b6      0x3f4 build/adc.o
 .debug_line    0x000008aa      0x311 build/spi.o
 .debug_line    0x00000bbb      0x440 build/tim.o
 .debug_line    0x00000ffb      0x343 build/usart.o
 .debug_line    0x0000133e      0x13d build/stm32l4xx_it.o
 .debug_line    0x0000147b      0x176 build/stm32l4xx_hal_msp.o
 .debug_line    0x000015f1     0x2083 build/stm32l4xx_hal_adc.o
 .debug_line    0x00003674      0x610 build/stm32l4xx_hal.o
 .debug_line    0x00003c84     0x103f build/stm32l4xx_hal_rcc.o
 .debug_line    0x00004cc3     0x130b build/stm32l4xx_hal_rcc_ex.o
 .debug_line    0x00005fce      0x68c build/stm32l4xx_hal_gpio.o
 .debug_line    0x0000665a      0x8d2 build/stm32l4xx_hal_pwr_ex.o
 .debug_line    0x00006f2c      0x81f build/stm32l4xx_hal_cortex.o
 .debug_line    0x0000774b     0x28fe build/stm32l4xx_hal_spi.o
 .debug_line    0x0000a049     0x49c9 build/stm32l4xx_hal_tim.o
 .debug_line    0x0000ea12     0x1bc6 build/stm32l4xx_hal_tim_ex.o
 .debug_line    0x000105d8     0x1d14 build/stm32l4xx_hal_usart.o
 .debug_line    0x000122ec      0x2af build/system_stm32l4xx.o
 .debug_line    0x0001259b       0x73 build/startup_stm32l432xx.o

.debug_str      0x00000000     0x56f4
 .debug_str     0x00000000     0x56f4 build/main.o
                                0x3f3 (size before relaxing)
 .debug_str     0x000056f4      0x3bf build/gpio.o
 .debug_str     0x000056f4      0xaa6 build/adc.o
 .debug_str     0x000056f4      0x7ec build/spi.o
 .debug_str     0x000056f4      0xbcd build/tim.o
 .debug_str     0x000056f4      0x9b5 build/usart.o
 .debug_str     0x000056f4      0x224 build/stm32l4xx_it.o
 .debug_str     0x000056f4      0x300 build/stm32l4xx_hal_msp.o
 .debug_str     0x000056f4     0x10a9 build/stm32l4xx_hal_adc.o
 .debug_str     0x000056f4      0xb04 build/stm32l4xx_hal.o
 .debug_str     0x000056f4      0x84e build/stm32l4xx_hal_rcc.o
 .debug_str     0x000056f4      0xb54 build/stm32l4xx_hal_rcc_ex.o
 .debug_str     0x000056f4      0x533 build/stm32l4xx_hal_gpio.o
 .debug_str     0x000056f4      0x794 build/stm32l4xx_hal_pwr_ex.o
 .debug_str     0x000056f4      0xb31 build/stm32l4xx_hal_cortex.o
 .debug_str     0x000056f4      0xbd0 build/stm32l4xx_hal_spi.o
 .debug_str     0x000056f4     0x170e build/stm32l4xx_hal_tim.o
 .debug_str     0x000056f4     0x1022 build/stm32l4xx_hal_tim_ex.o
 .debug_str     0x000056f4      0xd27 build/stm32l4xx_hal_usart.o
 .debug_str     0x000056f4      0x3d1 build/system_stm32l4xx.o
 .debug_str     0x000056f4       0x77 build/startup_stm32l432xx.o

.debug_frame    0x00000000     0x2bb8
 .debug_frame   0x00000000       0x58 build/main.o
 .debug_frame   0x00000058       0x34 build/gpio.o
 .debug_frame   0x0000008c       0x68 build/adc.o
 .debug_frame   0x000000f4       0x60 build/spi.o
 .debug_frame   0x00000154       0x7c build/tim.o
 .debug_frame   0x000001d0       0x60 build/usart.o
 .debug_frame   0x00000230       0xa8 build/stm32l4xx_it.o
 .debug_frame   0x000002d8       0x28 build/stm32l4xx_hal_msp.o
 .debug_frame   0x00000300      0x328 build/stm32l4xx_hal_adc.o
 .debug_frame   0x00000628      0x21c build/stm32l4xx_hal.o
 .debug_frame   0x00000844      0x19c build/stm32l4xx_hal_rcc.o
 .debug_frame   0x000009e0      0x25c build/stm32l4xx_hal_rcc_ex.o
 .debug_frame   0x00000c3c       0xd0 build/stm32l4xx_hal_gpio.o
 .debug_frame   0x00000d0c      0x248 build/stm32l4xx_hal_pwr_ex.o
 .debug_frame   0x00000f54      0x204 build/stm32l4xx_hal_cortex.o
 .debug_frame   0x00001158      0x5e4 build/stm32l4xx_hal_spi.o
 .debug_frame   0x0000173c      0xb48 build/stm32l4xx_hal_tim.o
 .debug_frame   0x00002284      0x480 build/stm32l4xx_hal_tim_ex.o
 .debug_frame   0x00002704      0x438 build/stm32l4xx_hal_usart.o
 .debug_frame   0x00002b3c       0x30 build/system_stm32l4xx.o
 .debug_frame   0x00002b6c       0x20 C:/Program Files (x86)/Arm GNU Toolchain arm-none-eabi/14.2 rel1/bin/../lib/gcc/arm-none-eabi/14.2.1/thumb/v7e-m+fp/hard\libc_nano.a(libc_a-memset.o)
 .debug_frame   0x00002b8c       0x2c C:/Program Files (x86)/Arm GNU Toolchain arm-none-eabi/14.2 rel1/bin/../lib/gcc/arm-none-eabi/14.2.1/thumb/v7e-m+fp/hard\libc_nano.a(libc_a-init.o)

Cross Reference Table

Symbol                                            File
ADC1_IRQHandler                                   build/startup_stm32l432xx.o
ADC_ConversionStop                                build/stm32l4xx_hal_adc.o
                                                  build/stm32l4xx_hal_adc_ex.o
ADC_DMAConvCplt                                   build/stm32l4xx_hal_adc.o
ADC_DMAError                                      build/stm32l4xx_hal_adc.o
ADC_DMAHalfConvCplt                               build/stm32l4xx_hal_adc.o
ADC_Disable                                       build/stm32l4xx_hal_adc.o
                                                  build/stm32l4xx_hal_adc_ex.o
ADC_Enable                                        build/stm32l4xx_hal_adc.o
                                                  build/stm32l4xx_hal_adc_ex.o
AHBPrescTable                                     build/system_stm32l4xx.o
                                                  build/stm32l4xx_hal_rcc.o
APBPrescTable                                     build/system_stm32l4xx.o
                                                  build/stm32l4xx_hal_rcc.o
BusFault_Handler                                  build/stm32l4xx_it.o
CAN1_RX0_IRQHandler                               build/startup_stm32l432xx.o
CAN1_RX1_IRQHandler                               build/startup_stm32l432xx.o
CAN1_SCE_IRQHandler                               build/startup_stm32l432xx.o
CAN1_TX_IRQHandler                                build/startup_stm32l432xx.o
COMP_IRQHandler                                   build/startup_stm32l432xx.o
CRS_IRQHandler                                    build/startup_stm32l432xx.o
DMA1_Channel1_IRQHandler                          build/startup_stm32l432xx.o
DMA1_Channel2_IRQHandler                          build/startup_stm32l432xx.o
DMA1_Channel3_IRQHandler                          build/startup_stm32l432xx.o
DMA1_Channel4_IRQHandler                          build/startup_stm32l432xx.o
DMA1_Channel5_IRQHandler                          build/startup_stm32l432xx.o
DMA1_Channel6_IRQHandler                          build/startup_stm32l432xx.o
DMA1_Channel7_IRQHandler                          build/startup_stm32l432xx.o
DMA2_Channel1_IRQHandler                          build/startup_stm32l432xx.o
DMA2_Channel2_IRQHandler                          build/startup_stm32l432xx.o
DMA2_Channel3_IRQHandler                          build/startup_stm32l432xx.o
DMA2_Channel4_IRQHandler                          build/startup_stm32l432xx.o
DMA2_Channel5_IRQHandler                          build/startup_stm32l432xx.o
DMA2_Channel6_IRQHandler                          build/startup_stm32l432xx.o
DMA2_Channel7_IRQHandler                          build/startup_stm32l432xx.o
DebugMon_Handler                                  build/stm32l4xx_it.o
Default_Handler                                   build/startup_stm32l432xx.o
EXTI0_IRQHandler                                  build/startup_stm32l432xx.o
EXTI15_10_IRQHandler                              build/startup_stm32l432xx.o
EXTI1_IRQHandler                                  build/startup_stm32l432xx.o
EXTI2_IRQHandler                                  build/startup_stm32l432xx.o
EXTI3_IRQHandler                                  build/startup_stm32l432xx.o
EXTI4_IRQHandler                                  build/startup_stm32l432xx.o
EXTI9_5_IRQHandler                                build/startup_stm32l432xx.o
Error_Handler                                     build/main.o
                                                  build/usart.o
                                                  build/tim.o
                                                  build/spi.o
                                                  build/adc.o
FLASH_FlushCaches                                 build/stm32l4xx_hal_flash_ex.o
                                                  build/stm32l4xx_hal_flash.o
FLASH_IRQHandler                                  build/startup_stm32l432xx.o
FLASH_PageErase                                   build/stm32l4xx_hal_flash_ex.o
                                                  build/stm32l4xx_hal_flash.o
FLASH_WaitForLastOperation                        build/stm32l4xx_hal_flash.o
                                                  build/stm32l4xx_hal_flash_ex.o
FPU_IRQHandler                                    build/startup_stm32l432xx.o
HAL_ADCEx_Calibration_GetValue                    build/stm32l4xx_hal_adc_ex.o
HAL_ADCEx_Calibration_SetValue                    build/stm32l4xx_hal_adc_ex.o
HAL_ADCEx_Calibration_Start                       build/stm32l4xx_hal_adc_ex.o
HAL_ADCEx_DisableInjectedQueue                    build/stm32l4xx_hal_adc_ex.o
HAL_ADCEx_DisableVoltageRegulator                 build/stm32l4xx_hal_adc_ex.o
HAL_ADCEx_EnableInjectedQueue                     build/stm32l4xx_hal_adc_ex.o
HAL_ADCEx_EndOfSamplingCallback                   build/stm32l4xx_hal_adc_ex.o
                                                  build/stm32l4xx_hal_adc.o
HAL_ADCEx_EnterADCDeepPowerDownMode               build/stm32l4xx_hal_adc_ex.o
HAL_ADCEx_InjectedConfigChannel                   build/stm32l4xx_hal_adc_ex.o
HAL_ADCEx_InjectedConvCpltCallback                build/stm32l4xx_hal_adc_ex.o
                                                  build/stm32l4xx_hal_adc.o
HAL_ADCEx_InjectedGetValue                        build/stm32l4xx_hal_adc_ex.o
HAL_ADCEx_InjectedPollForConversion               build/stm32l4xx_hal_adc_ex.o
HAL_ADCEx_InjectedQueueOverflowCallback           build/stm32l4xx_hal_adc_ex.o
                                                  build/stm32l4xx_hal_adc.o
HAL_ADCEx_InjectedStart                           build/stm32l4xx_hal_adc_ex.o
HAL_ADCEx_InjectedStart_IT                        build/stm32l4xx_hal_adc_ex.o
HAL_ADCEx_InjectedStop                            build/stm32l4xx_hal_adc_ex.o
HAL_ADCEx_InjectedStop_IT                         build/stm32l4xx_hal_adc_ex.o
HAL_ADCEx_LevelOutOfWindow2Callback               build/stm32l4xx_hal_adc_ex.o
                                                  build/stm32l4xx_hal_adc.o
HAL_ADCEx_LevelOutOfWindow3Callback               build/stm32l4xx_hal_adc_ex.o
                                                  build/stm32l4xx_hal_adc.o
HAL_ADCEx_RegularStop                             build/stm32l4xx_hal_adc_ex.o
HAL_ADCEx_RegularStop_DMA                         build/stm32l4xx_hal_adc_ex.o
HAL_ADCEx_RegularStop_IT                          build/stm32l4xx_hal_adc_ex.o
HAL_ADC_AnalogWDGConfig                           build/stm32l4xx_hal_adc.o
HAL_ADC_ConfigChannel                             build/stm32l4xx_hal_adc.o
                                                  build/adc.o
HAL_ADC_ConvCpltCallback                          build/stm32l4xx_hal_adc.o
HAL_ADC_ConvHalfCpltCallback                      build/stm32l4xx_hal_adc.o
HAL_ADC_DeInit                                    build/stm32l4xx_hal_adc.o
HAL_ADC_ErrorCallback                             build/stm32l4xx_hal_adc.o
HAL_ADC_GetError                                  build/stm32l4xx_hal_adc.o
HAL_ADC_GetState                                  build/stm32l4xx_hal_adc.o
HAL_ADC_GetValue                                  build/stm32l4xx_hal_adc.o
HAL_ADC_IRQHandler                                build/stm32l4xx_hal_adc.o
HAL_ADC_Init                                      build/stm32l4xx_hal_adc.o
                                                  build/adc.o
HAL_ADC_LevelOutOfWindowCallback                  build/stm32l4xx_hal_adc.o
HAL_ADC_MspDeInit                                 build/adc.o
HAL_ADC_MspInit                                   build/adc.o
HAL_ADC_PollForConversion                         build/stm32l4xx_hal_adc.o
HAL_ADC_PollForEvent                              build/stm32l4xx_hal_adc.o
HAL_ADC_Start                                     build/stm32l4xx_hal_adc.o
HAL_ADC_Start_DMA                                 build/stm32l4xx_hal_adc.o
HAL_ADC_Start_IT                                  build/stm32l4xx_hal_adc.o
HAL_ADC_Stop                                      build/stm32l4xx_hal_adc.o
HAL_ADC_Stop_DMA                                  build/stm32l4xx_hal_adc.o
HAL_ADC_Stop_IT                                   build/stm32l4xx_hal_adc.o
HAL_DBGMCU_DisableDBGSleepMode                    build/stm32l4xx_hal.o
HAL_DBGMCU_DisableDBGStandbyMode                  build/stm32l4xx_hal.o
HAL_DBGMCU_DisableDBGStopMode                     build/stm32l4xx_hal.o
HAL_DBGMCU_EnableDBGSleepMode                     build/stm32l4xx_hal.o
HAL_DBGMCU_EnableDBGStandbyMode                   build/stm32l4xx_hal.o
HAL_DBGMCU_EnableDBGStopMode                      build/stm32l4xx_hal.o
HAL_DMA_Abort                                     build/stm32l4xx_hal_dma.o
                                                  build/stm32l4xx_hal_usart.o
                                                  build/stm32l4xx_hal_spi.o
                                                  build/stm32l4xx_hal_adc_ex.o
                                                  build/stm32l4xx_hal_adc.o
HAL_DMA_Abort_IT                                  build/stm32l4xx_hal_dma.o
                                                  build/stm32l4xx_hal_usart.o
                                                  build/stm32l4xx_hal_tim_ex.o
                                                  build/stm32l4xx_hal_tim.o
                                                  build/stm32l4xx_hal_spi.o
HAL_DMA_DeInit                                    build/stm32l4xx_hal_dma.o
HAL_DMA_GetError                                  build/stm32l4xx_hal_dma.o
                                                  build/stm32l4xx_hal_usart.o
HAL_DMA_GetState                                  build/stm32l4xx_hal_dma.o
HAL_DMA_IRQHandler                                build/stm32l4xx_hal_dma.o
HAL_DMA_Init                                      build/stm32l4xx_hal_dma.o
HAL_DMA_PollForTransfer                           build/stm32l4xx_hal_dma.o
HAL_DMA_RegisterCallback                          build/stm32l4xx_hal_dma.o
HAL_DMA_Start                                     build/stm32l4xx_hal_dma.o
HAL_DMA_Start_IT                                  build/stm32l4xx_hal_dma.o
                                                  build/stm32l4xx_hal_usart.o
                                                  build/stm32l4xx_hal_tim_ex.o
                                                  build/stm32l4xx_hal_tim.o
                                                  build/stm32l4xx_hal_spi.o
                                                  build/stm32l4xx_hal_adc.o
HAL_DMA_UnRegisterCallback                        build/stm32l4xx_hal_dma.o
HAL_DeInit                                        build/stm32l4xx_hal.o
HAL_Delay                                         build/stm32l4xx_hal.o
HAL_EXTI_ClearConfigLine                          build/stm32l4xx_hal_exti.o
HAL_EXTI_ClearPending                             build/stm32l4xx_hal_exti.o
HAL_EXTI_GenerateSWI                              build/stm32l4xx_hal_exti.o
HAL_EXTI_GetConfigLine                            build/stm32l4xx_hal_exti.o
HAL_EXTI_GetHandle                                build/stm32l4xx_hal_exti.o
HAL_EXTI_GetPending                               build/stm32l4xx_hal_exti.o
HAL_EXTI_IRQHandler                               build/stm32l4xx_hal_exti.o
HAL_EXTI_RegisterCallback                         build/stm32l4xx_hal_exti.o
HAL_EXTI_SetConfigLine                            build/stm32l4xx_hal_exti.o
HAL_FLASHEx_DisableRunPowerDown                   build/stm32l4xx_hal_flash_ramfunc.o
HAL_FLASHEx_EnableRunPowerDown                    build/stm32l4xx_hal_flash_ramfunc.o
HAL_FLASHEx_Erase                                 build/stm32l4xx_hal_flash_ex.o
HAL_FLASHEx_Erase_IT                              build/stm32l4xx_hal_flash_ex.o
HAL_FLASHEx_OBGetConfig                           build/stm32l4xx_hal_flash_ex.o
HAL_FLASHEx_OBProgram                             build/stm32l4xx_hal_flash_ex.o
HAL_FLASH_EndOfOperationCallback                  build/stm32l4xx_hal_flash.o
HAL_FLASH_GetError                                build/stm32l4xx_hal_flash.o
HAL_FLASH_IRQHandler                              build/stm32l4xx_hal_flash.o
HAL_FLASH_Lock                                    build/stm32l4xx_hal_flash.o
HAL_FLASH_OB_Launch                               build/stm32l4xx_hal_flash.o
HAL_FLASH_OB_Lock                                 build/stm32l4xx_hal_flash.o
HAL_FLASH_OB_Unlock                               build/stm32l4xx_hal_flash.o
HAL_FLASH_OperationErrorCallback                  build/stm32l4xx_hal_flash.o
HAL_FLASH_Program                                 build/stm32l4xx_hal_flash.o
HAL_FLASH_Program_IT                              build/stm32l4xx_hal_flash.o
HAL_FLASH_Unlock                                  build/stm32l4xx_hal_flash.o
HAL_GPIO_DeInit                                   build/stm32l4xx_hal_gpio.o
                                                  build/usart.o
                                                  build/spi.o
                                                  build/adc.o
HAL_GPIO_EXTI_Callback                            build/stm32l4xx_hal_gpio.o
HAL_GPIO_EXTI_IRQHandler                          build/stm32l4xx_hal_gpio.o
HAL_GPIO_Init                                     build/stm32l4xx_hal_gpio.o
                                                  build/stm32l4xx_hal_rcc_ex.o
                                                  build/stm32l4xx_hal_rcc.o
                                                  build/usart.o
                                                  build/tim.o
                                                  build/spi.o
                                                  build/adc.o
                                                  build/gpio.o
HAL_GPIO_LockPin                                  build/stm32l4xx_hal_gpio.o
HAL_GPIO_ReadPin                                  build/stm32l4xx_hal_gpio.o
HAL_GPIO_TogglePin                                build/stm32l4xx_hal_gpio.o
HAL_GPIO_WritePin                                 build/stm32l4xx_hal_gpio.o
                                                  build/gpio.o
HAL_GetDEVID                                      build/stm32l4xx_hal.o
HAL_GetHalVersion                                 build/stm32l4xx_hal.o
HAL_GetREVID                                      build/stm32l4xx_hal.o
HAL_GetTick                                       build/stm32l4xx_hal.o
                                                  build/stm32l4xx_hal_usart.o
                                                  build/stm32l4xx_hal_spi.o
                                                  build/stm32l4xx_hal_dma.o
                                                  build/stm32l4xx_hal_flash.o
                                                  build/stm32l4xx_hal_rcc_ex.o
                                                  build/stm32l4xx_hal_rcc.o
                                                  build/stm32l4xx_hal_adc_ex.o
                                                  build/stm32l4xx_hal_adc.o
HAL_GetTickFreq                                   build/stm32l4xx_hal.o
HAL_GetTickPrio                                   build/stm32l4xx_hal.o
HAL_GetUIDw0                                      build/stm32l4xx_hal.o
HAL_GetUIDw1                                      build/stm32l4xx_hal.o
HAL_GetUIDw2                                      build/stm32l4xx_hal.o
HAL_IncTick                                       build/stm32l4xx_hal.o
                                                  build/stm32l4xx_it.o
HAL_Init                                          build/stm32l4xx_hal.o
                                                  build/main.o
HAL_InitTick                                      build/stm32l4xx_hal.o
                                                  build/stm32l4xx_hal_rcc.o
HAL_MPU_ConfigRegion                              build/stm32l4xx_hal_cortex.o
HAL_MPU_Disable                                   build/stm32l4xx_hal_cortex.o
HAL_MPU_DisableRegion                             build/stm32l4xx_hal_cortex.o
HAL_MPU_Enable                                    build/stm32l4xx_hal_cortex.o
HAL_MPU_EnableRegion                              build/stm32l4xx_hal_cortex.o
HAL_MspDeInit                                     build/stm32l4xx_hal.o
HAL_MspInit                                       build/stm32l4xx_hal_msp.o
HAL_NVIC_ClearPendingIRQ                          build/stm32l4xx_hal_cortex.o
HAL_NVIC_DisableIRQ                               build/stm32l4xx_hal_cortex.o
HAL_NVIC_EnableIRQ                                build/stm32l4xx_hal_cortex.o
HAL_NVIC_GetActive                                build/stm32l4xx_hal_cortex.o
HAL_NVIC_GetPendingIRQ                            build/stm32l4xx_hal_cortex.o
HAL_NVIC_GetPriority                              build/stm32l4xx_hal_cortex.o
HAL_NVIC_GetPriorityGrouping                      build/stm32l4xx_hal_cortex.o
HAL_NVIC_SetPendingIRQ                            build/stm32l4xx_hal_cortex.o
HAL_NVIC_SetPriority                              build/stm32l4xx_hal_cortex.o
                                                  build/stm32l4xx_hal.o
HAL_NVIC_SetPriorityGrouping                      build/stm32l4xx_hal_cortex.o
                                                  build/stm32l4xx_hal.o
HAL_NVIC_SystemReset                              build/stm32l4xx_hal_cortex.o
HAL_PWREx_ConfigPVM                               build/stm32l4xx_hal_pwr_ex.o
HAL_PWREx_ControlVoltageScaling                   build/stm32l4xx_hal_pwr_ex.o
                                                  build/main.o
HAL_PWREx_DisableBatteryCharging                  build/stm32l4xx_hal_pwr_ex.o
HAL_PWREx_DisableGPIOPullDown                     build/stm32l4xx_hal_pwr_ex.o
HAL_PWREx_DisableGPIOPullUp                       build/stm32l4xx_hal_pwr_ex.o
HAL_PWREx_DisableInternalWakeUpLine               build/stm32l4xx_hal_pwr_ex.o
HAL_PWREx_DisableLowPowerRunMode                  build/stm32l4xx_hal_pwr_ex.o
                                                  build/stm32l4xx_hal_pwr.o
HAL_PWREx_DisablePVM1                             build/stm32l4xx_hal_pwr_ex.o
HAL_PWREx_DisablePVM3                             build/stm32l4xx_hal_pwr_ex.o
HAL_PWREx_DisablePVM4                             build/stm32l4xx_hal_pwr_ex.o
HAL_PWREx_DisablePullUpPullDownConfig             build/stm32l4xx_hal_pwr_ex.o
HAL_PWREx_DisableSRAM2ContentRetention            build/stm32l4xx_hal_pwr_ex.o
HAL_PWREx_DisableVddUSB                           build/stm32l4xx_hal_pwr_ex.o
HAL_PWREx_EnableBatteryCharging                   build/stm32l4xx_hal_pwr_ex.o
HAL_PWREx_EnableGPIOPullDown                      build/stm32l4xx_hal_pwr_ex.o
HAL_PWREx_EnableGPIOPullUp                        build/stm32l4xx_hal_pwr_ex.o
HAL_PWREx_EnableInternalWakeUpLine                build/stm32l4xx_hal_pwr_ex.o
HAL_PWREx_EnableLowPowerRunMode                   build/stm32l4xx_hal_pwr_ex.o
                                                  build/stm32l4xx_hal_pwr.o
HAL_PWREx_EnablePVM1                              build/stm32l4xx_hal_pwr_ex.o
HAL_PWREx_EnablePVM3                              build/stm32l4xx_hal_pwr_ex.o
HAL_PWREx_EnablePVM4                              build/stm32l4xx_hal_pwr_ex.o
HAL_PWREx_EnablePullUpPullDownConfig              build/stm32l4xx_hal_pwr_ex.o
HAL_PWREx_EnableSRAM2ContentRetention             build/stm32l4xx_hal_pwr_ex.o
HAL_PWREx_EnableVddUSB                            build/stm32l4xx_hal_pwr_ex.o
HAL_PWREx_EnterSHUTDOWNMode                       build/stm32l4xx_hal_pwr_ex.o
HAL_PWREx_EnterSTOP0Mode                          build/stm32l4xx_hal_pwr_ex.o
                                                  build/stm32l4xx_hal_pwr.o
HAL_PWREx_EnterSTOP1Mode                          build/stm32l4xx_hal_pwr_ex.o
                                                  build/stm32l4xx_hal_pwr.o
HAL_PWREx_EnterSTOP2Mode                          build/stm32l4xx_hal_pwr_ex.o
HAL_PWREx_GetVoltageRange                         build/stm32l4xx_hal_pwr_ex.o
                                                  build/stm32l4xx_hal_rcc.o
HAL_PWREx_PVD_PVM_IRQHandler                      build/stm32l4xx_hal_pwr_ex.o
HAL_PWREx_PVM1Callback                            build/stm32l4xx_hal_pwr_ex.o
HAL_PWREx_PVM3Callback                            build/stm32l4xx_hal_pwr_ex.o
HAL_PWREx_PVM4Callback                            build/stm32l4xx_hal_pwr_ex.o
HAL_PWREx_SetSRAM2ContentRetention                build/stm32l4xx_hal_pwr_ex.o
HAL_PWR_ConfigPVD                                 build/stm32l4xx_hal_pwr.o
HAL_PWR_DeInit                                    build/stm32l4xx_hal_pwr.o
HAL_PWR_DisableBkUpAccess                         build/stm32l4xx_hal_pwr.o
                                                  build/stm32l4xx_hal_rcc_ex.o
HAL_PWR_DisablePVD                                build/stm32l4xx_hal_pwr.o
HAL_PWR_DisableSEVOnPend                          build/stm32l4xx_hal_pwr.o
HAL_PWR_DisableSleepOnExit                        build/stm32l4xx_hal_pwr.o
HAL_PWR_DisableWakeUpPin                          build/stm32l4xx_hal_pwr.o
HAL_PWR_EnableBkUpAccess                          build/stm32l4xx_hal_pwr.o
                                                  build/stm32l4xx_hal_rcc_ex.o
HAL_PWR_EnablePVD                                 build/stm32l4xx_hal_pwr.o
HAL_PWR_EnableSEVOnPend                           build/stm32l4xx_hal_pwr.o
HAL_PWR_EnableSleepOnExit                         build/stm32l4xx_hal_pwr.o
HAL_PWR_EnableWakeUpPin                           build/stm32l4xx_hal_pwr.o
HAL_PWR_EnterSLEEPMode                            build/stm32l4xx_hal_pwr.o
HAL_PWR_EnterSTANDBYMode                          build/stm32l4xx_hal_pwr.o
HAL_PWR_EnterSTOPMode                             build/stm32l4xx_hal_pwr.o
HAL_PWR_PVDCallback                               build/stm32l4xx_hal_pwr.o
                                                  build/stm32l4xx_hal_pwr_ex.o
HAL_RCCEx_CRSConfig                               build/stm32l4xx_hal_rcc_ex.o
HAL_RCCEx_CRSGetSynchronizationInfo               build/stm32l4xx_hal_rcc_ex.o
HAL_RCCEx_CRSSoftwareSynchronizationGenerate      build/stm32l4xx_hal_rcc_ex.o
HAL_RCCEx_CRSWaitSynchronization                  build/stm32l4xx_hal_rcc_ex.o
HAL_RCCEx_CRS_ErrorCallback                       build/stm32l4xx_hal_rcc_ex.o
HAL_RCCEx_CRS_ExpectedSyncCallback                build/stm32l4xx_hal_rcc_ex.o
HAL_RCCEx_CRS_IRQHandler                          build/stm32l4xx_hal_rcc_ex.o
HAL_RCCEx_CRS_SyncOkCallback                      build/stm32l4xx_hal_rcc_ex.o
HAL_RCCEx_CRS_SyncWarnCallback                    build/stm32l4xx_hal_rcc_ex.o
HAL_RCCEx_DisableLSCO                             build/stm32l4xx_hal_rcc_ex.o
HAL_RCCEx_DisableLSECSS                           build/stm32l4xx_hal_rcc_ex.o
HAL_RCCEx_DisableMSIPLLMode                       build/stm32l4xx_hal_rcc_ex.o
HAL_RCCEx_DisablePLLSAI1                          build/stm32l4xx_hal_rcc_ex.o
HAL_RCCEx_EnableLSCO                              build/stm32l4xx_hal_rcc_ex.o
HAL_RCCEx_EnableLSECSS                            build/stm32l4xx_hal_rcc_ex.o
HAL_RCCEx_EnableLSECSS_IT                         build/stm32l4xx_hal_rcc_ex.o
HAL_RCCEx_EnableMSIPLLMode                        build/stm32l4xx_hal_rcc_ex.o
HAL_RCCEx_EnablePLLSAI1                           build/stm32l4xx_hal_rcc_ex.o
HAL_RCCEx_GetPeriphCLKConfig                      build/stm32l4xx_hal_rcc_ex.o
HAL_RCCEx_GetPeriphCLKFreq                        build/stm32l4xx_hal_rcc_ex.o
HAL_RCCEx_LSECSS_Callback                         build/stm32l4xx_hal_rcc_ex.o
HAL_RCCEx_LSECSS_IRQHandler                       build/stm32l4xx_hal_rcc_ex.o
HAL_RCCEx_PeriphCLKConfig                         build/stm32l4xx_hal_rcc_ex.o
                                                  build/usart.o
                                                  build/adc.o
HAL_RCCEx_StandbyMSIRangeConfig                   build/stm32l4xx_hal_rcc_ex.o
HAL_RCCEx_WakeUpStopCLKConfig                     build/stm32l4xx_hal_rcc_ex.o
HAL_RCC_CSSCallback                               build/stm32l4xx_hal_rcc.o
HAL_RCC_ClockConfig                               build/stm32l4xx_hal_rcc.o
                                                  build/main.o
HAL_RCC_DeInit                                    build/stm32l4xx_hal_rcc.o
HAL_RCC_EnableCSS                                 build/stm32l4xx_hal_rcc.o
HAL_RCC_GetClockConfig                            build/stm32l4xx_hal_rcc.o
HAL_RCC_GetHCLKFreq                               build/stm32l4xx_hal_rcc.o
HAL_RCC_GetOscConfig                              build/stm32l4xx_hal_rcc.o
HAL_RCC_GetPCLK1Freq                              build/stm32l4xx_hal_rcc.o
                                                  build/stm32l4xx_hal_usart.o
                                                  build/stm32l4xx_hal_rcc_ex.o
HAL_RCC_GetPCLK2Freq                              build/stm32l4xx_hal_rcc.o
                                                  build/stm32l4xx_hal_usart.o
                                                  build/stm32l4xx_hal_rcc_ex.o
HAL_RCC_GetResetSource                            build/stm32l4xx_hal_rcc.o
HAL_RCC_GetSysClockFreq                           build/stm32l4xx_hal_rcc.o
                                                  build/stm32l4xx_hal_usart.o
                                                  build/stm32l4xx_hal_rcc_ex.o
HAL_RCC_MCOConfig                                 build/stm32l4xx_hal_rcc.o
HAL_RCC_NMI_IRQHandler                            build/stm32l4xx_hal_rcc.o
HAL_RCC_OscConfig                                 build/stm32l4xx_hal_rcc.o
                                                  build/main.o
HAL_ResumeTick                                    build/stm32l4xx_hal.o
HAL_SPIEx_FlushRxFifo                             build/stm32l4xx_hal_spi_ex.o
HAL_SPI_Abort                                     build/stm32l4xx_hal_spi.o
HAL_SPI_AbortCpltCallback                         build/stm32l4xx_hal_spi.o
HAL_SPI_Abort_IT                                  build/stm32l4xx_hal_spi.o
HAL_SPI_DMAPause                                  build/stm32l4xx_hal_spi.o
HAL_SPI_DMAResume                                 build/stm32l4xx_hal_spi.o
HAL_SPI_DMAStop                                   build/stm32l4xx_hal_spi.o
HAL_SPI_DeInit                                    build/stm32l4xx_hal_spi.o
HAL_SPI_ErrorCallback                             build/stm32l4xx_hal_spi.o
HAL_SPI_GetError                                  build/stm32l4xx_hal_spi.o
HAL_SPI_GetState                                  build/stm32l4xx_hal_spi.o
HAL_SPI_IRQHandler                                build/stm32l4xx_hal_spi.o
HAL_SPI_Init                                      build/stm32l4xx_hal_spi.o
                                                  build/spi.o
HAL_SPI_MspDeInit                                 build/spi.o
HAL_SPI_MspInit                                   build/spi.o
HAL_SPI_Receive                                   build/stm32l4xx_hal_spi.o
HAL_SPI_Receive_DMA                               build/stm32l4xx_hal_spi.o
HAL_SPI_Receive_IT                                build/stm32l4xx_hal_spi.o
HAL_SPI_RxCpltCallback                            build/stm32l4xx_hal_spi.o
HAL_SPI_RxHalfCpltCallback                        build/stm32l4xx_hal_spi.o
HAL_SPI_Transmit                                  build/stm32l4xx_hal_spi.o
HAL_SPI_TransmitReceive                           build/stm32l4xx_hal_spi.o
HAL_SPI_TransmitReceive_DMA                       build/stm32l4xx_hal_spi.o
HAL_SPI_TransmitReceive_IT                        build/stm32l4xx_hal_spi.o
HAL_SPI_Transmit_DMA                              build/stm32l4xx_hal_spi.o
HAL_SPI_Transmit_IT                               build/stm32l4xx_hal_spi.o
HAL_SPI_TxCpltCallback                            build/stm32l4xx_hal_spi.o
HAL_SPI_TxHalfCpltCallback                        build/stm32l4xx_hal_spi.o
HAL_SPI_TxRxCpltCallback                          build/stm32l4xx_hal_spi.o
HAL_SPI_TxRxHalfCpltCallback                      build/stm32l4xx_hal_spi.o
HAL_SYSCFG_DisableIOAnalogSwitchBooster           build/stm32l4xx_hal.o
HAL_SYSCFG_DisableMemorySwappingBank              build/stm32l4xx_hal.o
HAL_SYSCFG_EnableIOAnalogSwitchBooster            build/stm32l4xx_hal.o
HAL_SYSCFG_EnableMemorySwappingBank               build/stm32l4xx_hal.o
HAL_SYSCFG_SRAM2Erase                             build/stm32l4xx_hal.o
HAL_SYSTICK_CLKSourceConfig                       build/stm32l4xx_hal_cortex.o
HAL_SYSTICK_Callback                              build/stm32l4xx_hal_cortex.o
HAL_SYSTICK_Config                                build/stm32l4xx_hal_cortex.o
                                                  build/stm32l4xx_hal.o
HAL_SYSTICK_IRQHandler                            build/stm32l4xx_hal_cortex.o
HAL_SetTickFreq                                   build/stm32l4xx_hal.o
HAL_SuspendTick                                   build/stm32l4xx_hal.o
HAL_TIMEx_Break2Callback                          build/stm32l4xx_hal_tim_ex.o
                                                  build/stm32l4xx_hal_tim.o
HAL_TIMEx_BreakCallback                           build/stm32l4xx_hal_tim_ex.o
                                                  build/stm32l4xx_hal_tim.o
HAL_TIMEx_CommutCallback                          build/stm32l4xx_hal_tim_ex.o
                                                  build/stm32l4xx_hal_tim.o
HAL_TIMEx_CommutHalfCpltCallback                  build/stm32l4xx_hal_tim_ex.o
HAL_TIMEx_ConfigBreakDeadTime                     build/stm32l4xx_hal_tim_ex.o
                                                  build/tim.o
HAL_TIMEx_ConfigBreakInput                        build/stm32l4xx_hal_tim_ex.o
HAL_TIMEx_ConfigCommutEvent                       build/stm32l4xx_hal_tim_ex.o
HAL_TIMEx_ConfigCommutEvent_DMA                   build/stm32l4xx_hal_tim_ex.o
HAL_TIMEx_ConfigCommutEvent_IT                    build/stm32l4xx_hal_tim_ex.o
HAL_TIMEx_GetChannelNState                        build/stm32l4xx_hal_tim_ex.o
HAL_TIMEx_GroupChannel5                           build/stm32l4xx_hal_tim_ex.o
HAL_TIMEx_HallSensor_DeInit                       build/stm32l4xx_hal_tim_ex.o
HAL_TIMEx_HallSensor_GetState                     build/stm32l4xx_hal_tim_ex.o
HAL_TIMEx_HallSensor_Init                         build/stm32l4xx_hal_tim_ex.o
HAL_TIMEx_HallSensor_MspDeInit                    build/stm32l4xx_hal_tim_ex.o
HAL_TIMEx_HallSensor_MspInit                      build/stm32l4xx_hal_tim_ex.o
HAL_TIMEx_HallSensor_Start                        build/stm32l4xx_hal_tim_ex.o
HAL_TIMEx_HallSensor_Start_DMA                    build/stm32l4xx_hal_tim_ex.o
HAL_TIMEx_HallSensor_Start_IT                     build/stm32l4xx_hal_tim_ex.o
HAL_TIMEx_HallSensor_Stop                         build/stm32l4xx_hal_tim_ex.o
HAL_TIMEx_HallSensor_Stop_DMA                     build/stm32l4xx_hal_tim_ex.o
HAL_TIMEx_HallSensor_Stop_IT                      build/stm32l4xx_hal_tim_ex.o
HAL_TIMEx_MasterConfigSynchronization             build/stm32l4xx_hal_tim_ex.o
                                                  build/tim.o
HAL_TIMEx_OCN_Start                               build/stm32l4xx_hal_tim_ex.o
HAL_TIMEx_OCN_Start_DMA                           build/stm32l4xx_hal_tim_ex.o
HAL_TIMEx_OCN_Start_IT                            build/stm32l4xx_hal_tim_ex.o
HAL_TIMEx_OCN_Stop                                build/stm32l4xx_hal_tim_ex.o
HAL_TIMEx_OCN_Stop_DMA                            build/stm32l4xx_hal_tim_ex.o
HAL_TIMEx_OCN_Stop_IT                             build/stm32l4xx_hal_tim_ex.o
HAL_TIMEx_OnePulseN_Start                         build/stm32l4xx_hal_tim_ex.o
HAL_TIMEx_OnePulseN_Start_IT                      build/stm32l4xx_hal_tim_ex.o
HAL_TIMEx_OnePulseN_Stop                          build/stm32l4xx_hal_tim_ex.o
HAL_TIMEx_OnePulseN_Stop_IT                       build/stm32l4xx_hal_tim_ex.o
HAL_TIMEx_PWMN_Start                              build/stm32l4xx_hal_tim_ex.o
HAL_TIMEx_PWMN_Start_DMA                          build/stm32l4xx_hal_tim_ex.o
HAL_TIMEx_PWMN_Start_IT                           build/stm32l4xx_hal_tim_ex.o
HAL_TIMEx_PWMN_Stop                               build/stm32l4xx_hal_tim_ex.o
HAL_TIMEx_PWMN_Stop_DMA                           build/stm32l4xx_hal_tim_ex.o
HAL_TIMEx_PWMN_Stop_IT                            build/stm32l4xx_hal_tim_ex.o
HAL_TIMEx_RemapConfig                             build/stm32l4xx_hal_tim_ex.o
HAL_TIM_Base_DeInit                               build/stm32l4xx_hal_tim.o
HAL_TIM_Base_GetState                             build/stm32l4xx_hal_tim.o
HAL_TIM_Base_Init                                 build/stm32l4xx_hal_tim.o
                                                  build/tim.o
HAL_TIM_Base_MspDeInit                            build/tim.o
HAL_TIM_Base_MspInit                              build/tim.o
HAL_TIM_Base_Start                                build/stm32l4xx_hal_tim.o
HAL_TIM_Base_Start_DMA                            build/stm32l4xx_hal_tim.o
HAL_TIM_Base_Start_IT                             build/stm32l4xx_hal_tim.o
HAL_TIM_Base_Stop                                 build/stm32l4xx_hal_tim.o
HAL_TIM_Base_Stop_DMA                             build/stm32l4xx_hal_tim.o
HAL_TIM_Base_Stop_IT                              build/stm32l4xx_hal_tim.o
HAL_TIM_ConfigClockSource                         build/stm32l4xx_hal_tim.o
                                                  build/tim.o
HAL_TIM_ConfigOCrefClear                          build/stm32l4xx_hal_tim.o
HAL_TIM_ConfigTI1Input                            build/stm32l4xx_hal_tim.o
HAL_TIM_DMABurstState                             build/stm32l4xx_hal_tim.o
HAL_TIM_DMABurst_MultiReadStart                   build/stm32l4xx_hal_tim.o
HAL_TIM_DMABurst_MultiWriteStart                  build/stm32l4xx_hal_tim.o
HAL_TIM_DMABurst_ReadStart                        build/stm32l4xx_hal_tim.o
HAL_TIM_DMABurst_ReadStop                         build/stm32l4xx_hal_tim.o
HAL_TIM_DMABurst_WriteStart                       build/stm32l4xx_hal_tim.o
HAL_TIM_DMABurst_WriteStop                        build/stm32l4xx_hal_tim.o
HAL_TIM_Encoder_DeInit                            build/stm32l4xx_hal_tim.o
HAL_TIM_Encoder_GetState                          build/stm32l4xx_hal_tim.o
HAL_TIM_Encoder_Init                              build/stm32l4xx_hal_tim.o
HAL_TIM_Encoder_MspDeInit                         build/stm32l4xx_hal_tim.o
HAL_TIM_Encoder_MspInit                           build/stm32l4xx_hal_tim.o
HAL_TIM_Encoder_Start                             build/stm32l4xx_hal_tim.o
HAL_TIM_Encoder_Start_DMA                         build/stm32l4xx_hal_tim.o
HAL_TIM_Encoder_Start_IT                          build/stm32l4xx_hal_tim.o
HAL_TIM_Encoder_Stop                              build/stm32l4xx_hal_tim.o
HAL_TIM_Encoder_Stop_DMA                          build/stm32l4xx_hal_tim.o
HAL_TIM_Encoder_Stop_IT                           build/stm32l4xx_hal_tim.o
HAL_TIM_ErrorCallback                             build/stm32l4xx_hal_tim.o
                                                  build/stm32l4xx_hal_tim_ex.o
HAL_TIM_GenerateEvent                             build/stm32l4xx_hal_tim.o
HAL_TIM_GetActiveChannel                          build/stm32l4xx_hal_tim.o
HAL_TIM_GetChannelState                           build/stm32l4xx_hal_tim.o
HAL_TIM_IC_CaptureCallback                        build/stm32l4xx_hal_tim.o
HAL_TIM_IC_CaptureHalfCpltCallback                build/stm32l4xx_hal_tim.o
HAL_TIM_IC_ConfigChannel                          build/stm32l4xx_hal_tim.o
HAL_TIM_IC_DeInit                                 build/stm32l4xx_hal_tim.o
HAL_TIM_IC_GetState                               build/stm32l4xx_hal_tim.o
HAL_TIM_IC_Init                                   build/stm32l4xx_hal_tim.o
HAL_TIM_IC_MspDeInit                              build/stm32l4xx_hal_tim.o
HAL_TIM_IC_MspInit                                build/stm32l4xx_hal_tim.o
HAL_TIM_IC_Start                                  build/stm32l4xx_hal_tim.o
HAL_TIM_IC_Start_DMA                              build/stm32l4xx_hal_tim.o
HAL_TIM_IC_Start_IT                               build/stm32l4xx_hal_tim.o
HAL_TIM_IC_Stop                                   build/stm32l4xx_hal_tim.o
HAL_TIM_IC_Stop_DMA                               build/stm32l4xx_hal_tim.o
HAL_TIM_IC_Stop_IT                                build/stm32l4xx_hal_tim.o
HAL_TIM_IRQHandler                                build/stm32l4xx_hal_tim.o
HAL_TIM_MspPostInit                               build/tim.o
HAL_TIM_OC_ConfigChannel                          build/stm32l4xx_hal_tim.o
HAL_TIM_OC_DeInit                                 build/stm32l4xx_hal_tim.o
HAL_TIM_OC_DelayElapsedCallback                   build/stm32l4xx_hal_tim.o
HAL_TIM_OC_GetState                               build/stm32l4xx_hal_tim.o
HAL_TIM_OC_Init                                   build/stm32l4xx_hal_tim.o
HAL_TIM_OC_MspDeInit                              build/stm32l4xx_hal_tim.o
HAL_TIM_OC_MspInit                                build/stm32l4xx_hal_tim.o
HAL_TIM_OC_Start                                  build/stm32l4xx_hal_tim.o
HAL_TIM_OC_Start_DMA                              build/stm32l4xx_hal_tim.o
HAL_TIM_OC_Start_IT                               build/stm32l4xx_hal_tim.o
HAL_TIM_OC_Stop                                   build/stm32l4xx_hal_tim.o
HAL_TIM_OC_Stop_DMA                               build/stm32l4xx_hal_tim.o
HAL_TIM_OC_Stop_IT                                build/stm32l4xx_hal_tim.o
HAL_TIM_OnePulse_ConfigChannel                    build/stm32l4xx_hal_tim.o
HAL_TIM_OnePulse_DeInit                           build/stm32l4xx_hal_tim.o
HAL_TIM_OnePulse_GetState                         build/stm32l4xx_hal_tim.o
HAL_TIM_OnePulse_Init                             build/stm32l4xx_hal_tim.o
HAL_TIM_OnePulse_MspDeInit                        build/stm32l4xx_hal_tim.o
HAL_TIM_OnePulse_MspInit                          build/stm32l4xx_hal_tim.o
HAL_TIM_OnePulse_Start                            build/stm32l4xx_hal_tim.o
HAL_TIM_OnePulse_Start_IT                         build/stm32l4xx_hal_tim.o
HAL_TIM_OnePulse_Stop                             build/stm32l4xx_hal_tim.o
HAL_TIM_OnePulse_Stop_IT                          build/stm32l4xx_hal_tim.o
HAL_TIM_PWM_ConfigChannel                         build/stm32l4xx_hal_tim.o
                                                  build/tim.o
HAL_TIM_PWM_DeInit                                build/stm32l4xx_hal_tim.o
HAL_TIM_PWM_GetState                              build/stm32l4xx_hal_tim.o
HAL_TIM_PWM_Init                                  build/stm32l4xx_hal_tim.o
                                                  build/tim.o
HAL_TIM_PWM_MspDeInit                             build/stm32l4xx_hal_tim.o
HAL_TIM_PWM_MspInit                               build/stm32l4xx_hal_tim.o
HAL_TIM_PWM_PulseFinishedCallback                 build/stm32l4xx_hal_tim.o
                                                  build/stm32l4xx_hal_tim_ex.o
HAL_TIM_PWM_PulseFinishedHalfCpltCallback         build/stm32l4xx_hal_tim.o
HAL_TIM_PWM_Start                                 build/stm32l4xx_hal_tim.o
HAL_TIM_PWM_Start_DMA                             build/stm32l4xx_hal_tim.o
HAL_TIM_PWM_Start_IT                              build/stm32l4xx_hal_tim.o
HAL_TIM_PWM_Stop                                  build/stm32l4xx_hal_tim.o
HAL_TIM_PWM_Stop_DMA                              build/stm32l4xx_hal_tim.o
HAL_TIM_PWM_Stop_IT                               build/stm32l4xx_hal_tim.o
HAL_TIM_PeriodElapsedCallback                     build/stm32l4xx_hal_tim.o
HAL_TIM_PeriodElapsedHalfCpltCallback             build/stm32l4xx_hal_tim.o
HAL_TIM_ReadCapturedValue                         build/stm32l4xx_hal_tim.o
HAL_TIM_SlaveConfigSynchro                        build/stm32l4xx_hal_tim.o
HAL_TIM_SlaveConfigSynchro_IT                     build/stm32l4xx_hal_tim.o
HAL_TIM_TriggerCallback                           build/stm32l4xx_hal_tim.o
HAL_TIM_TriggerHalfCpltCallback                   build/stm32l4xx_hal_tim.o
HAL_USART_Abort                                   build/stm32l4xx_hal_usart.o
HAL_USART_AbortCpltCallback                       build/stm32l4xx_hal_usart.o
HAL_USART_Abort_IT                                build/stm32l4xx_hal_usart.o
HAL_USART_DMAPause                                build/stm32l4xx_hal_usart.o
HAL_USART_DMAResume                               build/stm32l4xx_hal_usart.o
HAL_USART_DMAStop                                 build/stm32l4xx_hal_usart.o
HAL_USART_DeInit                                  build/stm32l4xx_hal_usart.o
HAL_USART_ErrorCallback                           build/stm32l4xx_hal_usart.o
HAL_USART_GetError                                build/stm32l4xx_hal_usart.o
HAL_USART_GetState                                build/stm32l4xx_hal_usart.o
HAL_USART_IRQHandler                              build/stm32l4xx_hal_usart.o
HAL_USART_Init                                    build/stm32l4xx_hal_usart.o
                                                  build/usart.o
HAL_USART_MspDeInit                               build/usart.o
HAL_USART_MspInit                                 build/usart.o
HAL_USART_Receive                                 build/stm32l4xx_hal_usart.o
HAL_USART_Receive_DMA                             build/stm32l4xx_hal_usart.o
HAL_USART_Receive_IT                              build/stm32l4xx_hal_usart.o
HAL_USART_RxCpltCallback                          build/stm32l4xx_hal_usart.o
HAL_USART_RxHalfCpltCallback                      build/stm32l4xx_hal_usart.o
HAL_USART_Transmit                                build/stm32l4xx_hal_usart.o
HAL_USART_TransmitReceive                         build/stm32l4xx_hal_usart.o
HAL_USART_TransmitReceive_DMA                     build/stm32l4xx_hal_usart.o
HAL_USART_TransmitReceive_IT                      build/stm32l4xx_hal_usart.o
HAL_USART_Transmit_DMA                            build/stm32l4xx_hal_usart.o
HAL_USART_Transmit_IT                             build/stm32l4xx_hal_usart.o
HAL_USART_TxCpltCallback                          build/stm32l4xx_hal_usart.o
HAL_USART_TxHalfCpltCallback                      build/stm32l4xx_hal_usart.o
HAL_USART_TxRxCpltCallback                        build/stm32l4xx_hal_usart.o
HardFault_Handler                                 build/stm32l4xx_it.o
I2C1_ER_IRQHandler                                build/startup_stm32l432xx.o
I2C1_EV_IRQHandler                                build/startup_stm32l432xx.o
I2C3_ER_IRQHandler                                build/startup_stm32l432xx.o
I2C3_EV_IRQHandler                                build/startup_stm32l432xx.o
LPTIM1_IRQHandler                                 build/startup_stm32l432xx.o
LPTIM2_IRQHandler                                 build/startup_stm32l432xx.o
LPUART1_IRQHandler                                build/startup_stm32l432xx.o
MSIRangeTable                                     build/system_stm32l4xx.o
                                                  build/stm32l4xx_hal_rcc_ex.o
                                                  build/stm32l4xx_hal_rcc.o
MX_ADC1_Init                                      build/adc.o
                                                  build/main.o
MX_GPIO_Init                                      build/gpio.o
                                                  build/main.o
MX_SPI1_Init                                      build/spi.o
                                                  build/main.o
MX_TIM1_Init                                      build/tim.o
                                                  build/main.o
MX_USART2_Init                                    build/usart.o
                                                  build/main.o
MemManage_Handler                                 build/stm32l4xx_it.o
NMI_Handler                                       build/stm32l4xx_it.o
PVD_PVM_IRQHandler                                build/startup_stm32l432xx.o
PendSV_Handler                                    build/stm32l4xx_it.o
QUADSPI_IRQHandler                                build/startup_stm32l432xx.o
RCC_IRQHandler                                    build/startup_stm32l432xx.o
RNG_IRQHandler                                    build/startup_stm32l432xx.o
RTC_Alarm_IRQHandler                              build/startup_stm32l432xx.o
RTC_WKUP_IRQHandler                               build/startup_stm32l432xx.o
Reset_Handler                                     build/startup_stm32l432xx.o
SAI1_IRQHandler                                   build/startup_stm32l432xx.o
SPI1_IRQHandler                                   build/startup_stm32l432xx.o
SPI3_IRQHandler                                   build/startup_stm32l432xx.o
SVC_Handler                                       build/stm32l4xx_it.o
SWPMI1_IRQHandler                                 build/startup_stm32l432xx.o
SysTick_Handler                                   build/stm32l4xx_it.o
SystemClock_Config                                build/main.o
SystemCoreClock                                   build/system_stm32l4xx.o
                                                  build/stm32l4xx_hal_spi.o
                                                  build/stm32l4xx_hal_pwr_ex.o
                                                  build/stm32l4xx_hal_rcc.o
                                                  build/stm32l4xx_hal.o
                                                  build/stm32l4xx_hal_adc_ex.o
                                                  build/stm32l4xx_hal_adc.o
SystemCoreClockUpdate                             build/system_stm32l4xx.o
SystemInit                                        build/system_stm32l4xx.o
                                                  build/startup_stm32l432xx.o
TAMP_STAMP_IRQHandler                             build/startup_stm32l432xx.o
TIM1_BRK_TIM15_IRQHandler                         build/startup_stm32l432xx.o
TIM1_CC_IRQHandler                                build/startup_stm32l432xx.o
TIM1_TRG_COM_IRQHandler                           build/startup_stm32l432xx.o
TIM1_UP_TIM16_IRQHandler                          build/startup_stm32l432xx.o
TIM2_IRQHandler                                   build/startup_stm32l432xx.o
TIM6_DAC_IRQHandler                               build/startup_stm32l432xx.o
TIM7_IRQHandler                                   build/startup_stm32l432xx.o
TIMEx_DMACommutationCplt                          build/stm32l4xx_hal_tim_ex.o
                                                  build/stm32l4xx_hal_tim.o
TIMEx_DMACommutationHalfCplt                      build/stm32l4xx_hal_tim_ex.o
                                                  build/stm32l4xx_hal_tim.o
TIM_Base_SetConfig                                build/stm32l4xx_hal_tim.o
                                                  build/stm32l4xx_hal_tim_ex.o
TIM_CCxChannelCmd                                 build/stm32l4xx_hal_tim.o
                                                  build/stm32l4xx_hal_tim_ex.o
TIM_DMACaptureCplt                                build/stm32l4xx_hal_tim.o
                                                  build/stm32l4xx_hal_tim_ex.o
TIM_DMACaptureHalfCplt                            build/stm32l4xx_hal_tim.o
                                                  build/stm32l4xx_hal_tim_ex.o
TIM_DMADelayPulseHalfCplt                         build/stm32l4xx_hal_tim.o
                                                  build/stm32l4xx_hal_tim_ex.o
TIM_DMAError                                      build/stm32l4xx_hal_tim.o
                                                  build/stm32l4xx_hal_tim_ex.o
TIM_ETR_SetConfig                                 build/stm32l4xx_hal_tim.o
TIM_OC2_SetConfig                                 build/stm32l4xx_hal_tim.o
                                                  build/stm32l4xx_hal_tim_ex.o
TIM_TI1_SetConfig                                 build/stm32l4xx_hal_tim.o
                                                  build/stm32l4xx_hal_tim_ex.o
TSC_IRQHandler                                    build/startup_stm32l432xx.o
USART1_IRQHandler                                 build/startup_stm32l432xx.o
USART2_IRQHandler                                 build/startup_stm32l432xx.o
USB_IRQHandler                                    build/startup_stm32l432xx.o
UsageFault_Handler                                build/stm32l4xx_it.o
WWDG_IRQHandler                                   build/startup_stm32l432xx.o
_ITM_deregisterTMCloneTable                       C:/Program Files (x86)/Arm GNU Toolchain arm-none-eabi/14.2 rel1/bin/../lib/gcc/arm-none-eabi/14.2.1/thumb/v7e-m+fp/hard/crtbegin.o
_ITM_registerTMCloneTable                         C:/Program Files (x86)/Arm GNU Toolchain arm-none-eabi/14.2 rel1/bin/../lib/gcc/arm-none-eabi/14.2.1/thumb/v7e-m+fp/hard/crtbegin.o
__TMC_END__                                       C:/Program Files (x86)/Arm GNU Toolchain arm-none-eabi/14.2 rel1/bin/../lib/gcc/arm-none-eabi/14.2.1/thumb/v7e-m+fp/hard/crtend.o
                                                  C:/Program Files (x86)/Arm GNU Toolchain arm-none-eabi/14.2 rel1/bin/../lib/gcc/arm-none-eabi/14.2.1/thumb/v7e-m+fp/hard/crtbegin.o
__bss_end__                                       C:/Program Files (x86)/Arm GNU Toolchain arm-none-eabi/14.2 rel1/bin/../lib/gcc/arm-none-eabi/14.2.1/thumb/v7e-m+fp/hard/crt0.o
__bss_start__                                     C:/Program Files (x86)/Arm GNU Toolchain arm-none-eabi/14.2 rel1/bin/../lib/gcc/arm-none-eabi/14.2.1/thumb/v7e-m+fp/hard/crt0.o
__call_exitprocs                                  C:/Program Files (x86)/Arm GNU Toolchain arm-none-eabi/14.2 rel1/bin/../lib/gcc/arm-none-eabi/14.2.1/thumb/v7e-m+fp/hard\libc_nano.a(libc_a-exit.o)
__deregister_frame_info                           C:/Program Files (x86)/Arm GNU Toolchain arm-none-eabi/14.2 rel1/bin/../lib/gcc/arm-none-eabi/14.2.1/thumb/v7e-m+fp/hard/crtbegin.o
__dso_handle                                      C:/Program Files (x86)/Arm GNU Toolchain arm-none-eabi/14.2 rel1/bin/../lib/gcc/arm-none-eabi/14.2.1/thumb/v7e-m+fp/hard/crtbegin.o
__fp_lock_all                                     C:/Program Files (x86)/Arm GNU Toolchain arm-none-eabi/14.2 rel1/bin/../lib/gcc/arm-none-eabi/14.2.1/thumb/v7e-m+fp/hard\libc_nano.a(libc_a-findfp.o)
__fp_unlock_all                                   C:/Program Files (x86)/Arm GNU Toolchain arm-none-eabi/14.2 rel1/bin/../lib/gcc/arm-none-eabi/14.2.1/thumb/v7e-m+fp/hard\libc_nano.a(libc_a-findfp.o)
__init_array_end                                  C:/Program Files (x86)/Arm GNU Toolchain arm-none-eabi/14.2 rel1/bin/../lib/gcc/arm-none-eabi/14.2.1/thumb/v7e-m+fp/hard\libc_nano.a(libc_a-init.o)
__init_array_start                                C:/Program Files (x86)/Arm GNU Toolchain arm-none-eabi/14.2 rel1/bin/../lib/gcc/arm-none-eabi/14.2.1/thumb/v7e-m+fp/hard\libc_nano.a(libc_a-init.o)
__libc_fini_array                                 C:/Program Files (x86)/Arm GNU Toolchain arm-none-eabi/14.2 rel1/bin/../lib/gcc/arm-none-eabi/14.2.1/thumb/v7e-m+fp/hard/crt0.o
__libc_init_array                                 C:/Program Files (x86)/Arm GNU Toolchain arm-none-eabi/14.2 rel1/bin/../lib/gcc/arm-none-eabi/14.2.1/thumb/v7e-m+fp/hard\libc_nano.a(libc_a-init.o)
                                                  build/startup_stm32l432xx.o
                                                  C:/Program Files (x86)/Arm GNU Toolchain arm-none-eabi/14.2 rel1/bin/../lib/gcc/arm-none-eabi/14.2.1/thumb/v7e-m+fp/hard/crt0.o
__lock___arc4random_mutex                         C:/Program Files (x86)/Arm GNU Toolchain arm-none-eabi/14.2 rel1/bin/../lib/gcc/arm-none-eabi/14.2.1/thumb/v7e-m+fp/hard\libc_nano.a(libc_a-lock.o)